Archive member included to satisfy reference by file (symbol)

/home/matiasnavarro/Facultad/2019/Sistemas_Operativos_II/Practicos/CMSISv1p30_LPC17xx/Debug/libCMSISv1p30_LPC17xx.a(core_cm3.o)
                              ./queue.o (__get_PRIMASK)
/home/matiasnavarro/Facultad/2019/Sistemas_Operativos_II/Practicos/CMSISv1p30_LPC17xx/Debug/libCMSISv1p30_LPC17xx.a(system_LPC17xx.o)
                              ./cr_startup_lpc175x_6x.o (SystemInit)
/home/matiasnavarro/Facultad/lpcxpresso/tools/bin/../lib/gcc/arm-none-eabi/5.3.1/../../../../arm-none-eabi/lib/armv7-m/libcr_nohost.a(__sys_write.o)
                              ./consoleprint.o (__write)
/home/matiasnavarro/Facultad/lpcxpresso/tools/bin/../lib/gcc/arm-none-eabi/5.3.1/../../../../arm-none-eabi/lib/armv7-m/libcr_nohost.a(_cr__main.o)
                              ./cr_startup_lpc175x_6x.o (__main)
/home/matiasnavarro/Facultad/lpcxpresso/tools/bin/../lib/gcc/arm-none-eabi/5.3.1/../../../../arm-none-eabi/lib/armv7-m/libcr_c.a(memcpy.o)
                              ./queue.o (memcpy)
/home/matiasnavarro/Facultad/lpcxpresso/tools/bin/../lib/gcc/arm-none-eabi/5.3.1/../../../../arm-none-eabi/lib/armv7-m/libcr_c.a(memset.o)
                              ./tasks.o (memset)
/home/matiasnavarro/Facultad/lpcxpresso/tools/bin/../lib/gcc/arm-none-eabi/5.3.1/../../../../arm-none-eabi/lib/armv7-m/libcr_c.a(fpprintf.o)
                              ./basic_io.o (sprintf)
/home/matiasnavarro/Facultad/lpcxpresso/tools/bin/../lib/gcc/arm-none-eabi/5.3.1/../../../../arm-none-eabi/lib/armv7-m/libcr_c.a(initio.o)
                              /home/matiasnavarro/Facultad/lpcxpresso/tools/bin/../lib/gcc/arm-none-eabi/5.3.1/../../../../arm-none-eabi/lib/armv7-m/libcr_nohost.a(_cr__main.o) (_initio)
/home/matiasnavarro/Facultad/lpcxpresso/tools/bin/../lib/gcc/arm-none-eabi/5.3.1/../../../../arm-none-eabi/lib/armv7-m/libcr_c.a(printf.o)
                              /home/matiasnavarro/Facultad/lpcxpresso/tools/bin/../lib/gcc/arm-none-eabi/5.3.1/../../../../arm-none-eabi/lib/armv7-m/libcr_c.a(fpprintf.o) (__vfprintf)
/home/matiasnavarro/Facultad/lpcxpresso/tools/bin/../lib/gcc/arm-none-eabi/5.3.1/../../../../arm-none-eabi/lib/armv7-m/libcr_c.a(setvbuf.o)
                              /home/matiasnavarro/Facultad/lpcxpresso/tools/bin/../lib/gcc/arm-none-eabi/5.3.1/../../../../arm-none-eabi/lib/armv7-m/libcr_c.a(initio.o) (setvbuf)
/home/matiasnavarro/Facultad/lpcxpresso/tools/bin/../lib/gcc/arm-none-eabi/5.3.1/../../../../arm-none-eabi/lib/armv7-m/libcr_c.a(stdio.o)
                              /home/matiasnavarro/Facultad/lpcxpresso/tools/bin/../lib/gcc/arm-none-eabi/5.3.1/../../../../arm-none-eabi/lib/armv7-m/libcr_c.a(fpprintf.o) (__Ciob)
/home/matiasnavarro/Facultad/lpcxpresso/tools/bin/../lib/gcc/arm-none-eabi/5.3.1/../../../../arm-none-eabi/lib/armv7-m/libcr_c.a(stdlib.o)
                              ./main.o (rand)
/home/matiasnavarro/Facultad/lpcxpresso/tools/bin/../lib/gcc/arm-none-eabi/5.3.1/../../../../arm-none-eabi/lib/armv7-m/libcr_c.a(strlen.o)
                              ./consoleprint.o (strlen)
/home/matiasnavarro/Facultad/lpcxpresso/tools/bin/../lib/gcc/arm-none-eabi/5.3.1/../../../../arm-none-eabi/lib/armv7-m/libcr_c.a(strncmp.o)
                              ./trcSnapshotRecorder.o (strncmp)
/home/matiasnavarro/Facultad/lpcxpresso/tools/bin/../lib/gcc/arm-none-eabi/5.3.1/../../../../arm-none-eabi/lib/armv7-m/libcr_c.a(__fillbuf.o)
                              /home/matiasnavarro/Facultad/lpcxpresso/tools/bin/../lib/gcc/arm-none-eabi/5.3.1/../../../../arm-none-eabi/lib/armv7-m/libcr_c.a(stdio.o) (__filbuf)
/home/matiasnavarro/Facultad/lpcxpresso/tools/bin/../lib/gcc/arm-none-eabi/5.3.1/../../../../arm-none-eabi/lib/armv7-m/libcr_c.a(_deferredlazyseek.o)
                              /home/matiasnavarro/Facultad/lpcxpresso/tools/bin/../lib/gcc/arm-none-eabi/5.3.1/../../../../arm-none-eabi/lib/armv7-m/libcr_c.a(__fillbuf.o) (_deferredlazyseek)
/home/matiasnavarro/Facultad/lpcxpresso/tools/bin/../lib/gcc/arm-none-eabi/5.3.1/../../../../arm-none-eabi/lib/armv7-m/libcr_c.a(_fdopen.o)
                              /home/matiasnavarro/Facultad/lpcxpresso/tools/bin/../lib/gcc/arm-none-eabi/5.3.1/../../../../arm-none-eabi/lib/armv7-m/libcr_c.a(initio.o) (_fdopen)
/home/matiasnavarro/Facultad/lpcxpresso/tools/bin/../lib/gcc/arm-none-eabi/5.3.1/../../../../arm-none-eabi/lib/armv7-m/libcr_c.a(_fflush.o)
                              /home/matiasnavarro/Facultad/lpcxpresso/tools/bin/../lib/gcc/arm-none-eabi/5.3.1/../../../../arm-none-eabi/lib/armv7-m/libcr_c.a(__fillbuf.o) (_fflush)
/home/matiasnavarro/Facultad/lpcxpresso/tools/bin/../lib/gcc/arm-none-eabi/5.3.1/../../../../arm-none-eabi/lib/armv7-m/libcr_c.a(_frexpl.o)
                              /home/matiasnavarro/Facultad/lpcxpresso/tools/bin/../lib/gcc/arm-none-eabi/5.3.1/../../../../arm-none-eabi/lib/armv7-m/libcr_c.a(fpprintf.o) (_frexpl)
[...]
Memory Configuration

Name             Origin             Length             Attributes
MFlash512        0x00000000         0x00080000         xr
RamLoc32         0x10000000         0x00008000         xrw
RamAHB32         0x2007c000         0x00008000         xrw
*default*        0x00000000         0xffffffff

Linker script and memory map

LOAD ./basic_io.o
LOAD ./consoleprint.o
LOAD ./cr_startup_lpc175x_6x.o
LOAD ./heap_2.o
LOAD ./list.o
LOAD ./main.o
LOAD ./port.o
LOAD ./queue.o
LOAD ./tasks.o
LOAD ./trcKernelPort.o
LOAD ./trcSnapshotRecorder.o
LOAD ./trcStreamingRecorder.o
LOAD /home/matiasnavarro/Facultad/2019/Sistemas_Operativos_II/Practicos/CMSISv1p30_LPC17xx/Debug/libCMSISv1p30_LPC17xx.a
START GROUP
LOAD /home/matiasnavarro/Facultad/lpcxpresso/tools/bin/../lib/gcc/arm-none-eabi/5.3.1/../../../../arm-none-eabi/lib/armv7-m/libcr_nohost.a
LOAD /home/matiasnavarro/Facultad/lpcxpresso/tools/bin/../lib/gcc/arm-none-eabi/5.3.1/../../../../arm-none-eabi/lib/armv7-m/libcr_c.a
LOAD /home/matiasnavarro/Facultad/lpcxpresso/tools/bin/../lib/gcc/arm-none-eabi/5.3.1/armv7-m/libcr_eabihelpers.a
END GROUP
                0x00000000                __base_MFlash512 = 0x0
                0x00000000                __base_Flash = 0x0
                0x00080000                __top_MFlash512 = 0x80000
                0x00080000                __top_Flash = 0x80000
                0x10000000                __base_RamLoc32 = 0x10000000
                0x10000000                __base_RAM = 0x10000000
                0x10008000                __top_RamLoc32 = 0x10008000
                0x10008000                __top_RAM = 0x10008000
                0x2007c000                __base_RamAHB32 = 0x2007c000
                0x2007c000                __base_RAM2 = 0x2007c000
                0x20084000                __top_RamAHB32 = 0x20084000
                0x20084000                __top_RAM2 = 0x20084000

.text           0x00000000     0x7d68
 FILL mask 0xff
                0x00000000                __vectors_start__ = ABSOLUTE (.)
 *(.isr_vector)
 .isr_vector    0x00000000       0xcc ./cr_startup_lpc175x_6x.o
                0x00000000                g_pfnVectors
                0x000000cc                . = ALIGN (0x4)
                0x000000cc                __section_table_start = .
                0x000000cc                __data_section_table = .
                0x000000cc        0x4 LONG 0x7d68 LOADADDR (.data)
                0x000000d0        0x4 LONG 0x10000000 ADDR (.data)
                0x000000d4        0x4 LONG 0xf8 SIZEOF (.data)
                0x000000d8        0x4 LONG 0x7d68 LOADADDR (.data_RAM2)
                0x000000dc        0x4 LONG 0x2007c000 ADDR (.data_RAM2)
                0x000000e0        0x4 LONG 0x0 SIZEOF (.data_RAM2)
                0x000000e4                __data_section_table_end = .
                0x000000e4                __bss_section_table = .
                0x000000e4        0x4 LONG 0x100000f8 ADDR (.bss)
                0x000000e8        0x4 LONG 0x71f0 SIZEOF (.bss)
                0x000000ec        0x4 LONG 0x2007c000 ADDR (.bss_RAM2)
                0x000000f0        0x4 LONG 0x0 SIZEOF (.bss_RAM2)
                0x000000f4                __bss_section_table_end = .
                0x000000f4                __section_table_end = .
 *(.after_vectors*)
 .after_vectors
                0x000000f4      0x144 ./cr_startup_lpc175x_6x.o
                0x000000f4                data_init
                0x00000138                bss_init
                0x00000170                ResetISR
                0x000001e8                NMI_Handler
                0x000001f0                HardFault_Handler
                0x000001f8                MemManage_Handler
                0x00000200                BusFault_Handler
                0x00000208                UsageFault_Handler
                0x00000218                DebugMon_Handler
                0x00000230                TIMER2_IRQHandler
                0x00000230                RIT_IRQHandler
                0x00000230                I2C0_IRQHandler
                0x00000230                USBActivity_IRQHandler
                0x00000230                PWM1_IRQHandler
                0x00000230                I2C1_IRQHandler
                0x00000230                EINT2_IRQHandler
                0x00000230                UART1_IRQHandler
                0x00000230                EINT3_IRQHandler
                0x00000230                CANActivity_IRQHandler
                0x00000230                TIMER3_IRQHandler
                0x00000230                UART0_IRQHandler
                0x00000230                IntDefaultHandler
                0x00000230                PLL0_IRQHandler
                0x00000230                CAN_IRQHandler
                0x00000230                PLL1_IRQHandler
                0x00000230                SSP0_IRQHandler
                0x00000230                I2S_IRQHandler
                0x00000230                I2C2_IRQHandler
                0x00000230                RTC_IRQHandler
                0x00000230                TIMER0_IRQHandler
                0x00000230                SPI_IRQHandler
                0x00000230                EINT1_IRQHandler
                0x00000230                TIMER1_IRQHandler
                0x00000230                UART2_IRQHandler
                0x00000230                ADC_IRQHandler
                0x00000230                SSP1_IRQHandler
                0x00000230                USB_IRQHandler
                0x00000230                BOD_IRQHandler
                0x00000230                WDT_IRQHandler
                0x00000230                QEI_IRQHandler
                0x00000230                EINT0_IRQHandler
                0x00000230                DMA_IRQHandler
                0x00000230                UART3_IRQHandler
                0x00000230                MCPWM_IRQHandler
                0x00000230                ENET_IRQHandler
 *(.text*)
 .text.vPrintString
                0x00000238       0x30 ./basic_io.o
                0x00000238                vPrintString
 .text.consoleprint
                0x00000268       0x28 ./consoleprint.o
                0x00000268                consoleprint
 .text.pvPortMalloc
                0x00000290      0x11c ./heap_2.o
                0x00000290                pvPortMalloc
 .text.vPortFree
                0x000003ac       0x74 ./heap_2.o
                0x000003ac                vPortFree
 .text.prvHeapInit
                0x00000420       0x50 ./heap_2.o
 .text.vListInitialise
                0x00000470       0x40 ./list.o
                0x00000470                vListInitialise
 .text.vListInitialiseItem
                0x000004b0       0x18 ./list.o
                0x000004b0                vListInitialiseItem
 .text.vListInsertEnd
                0x000004c8       0x48 ./list.o
                0x000004c8                vListInsertEnd
 .text.vListInsert
                0x00000510       0x70 ./list.o
                0x00000510                vListInsert
 .text.uxListRemove
                0x00000580       0x54 ./list.o
                0x00000580                uxListRemove
 .text.main     0x000005d4       0xb4 ./main.o
                0x000005d4                main
 .text.TaskTemperatura
                0x00000688       0x74 ./main.o
 .text.TaskString
                0x000006fc       0xc0 ./main.o
 .text.TaskTransmisor
                0x000007bc      0x1bc ./main.o
 .text.configUART
                0x00000978       0xb4 ./main.o
                0x00000978                configUART
 .text.pxPortInitialiseStack
                0x00000a2c       0x58 ./port.o
                0x00000a2c                pxPortInitialiseStack
 .text.prvTaskExitError
                0x00000a84       0x50 ./port.o
 *fill*         0x00000ad4        0xc ff
 .text.SVC_Handler
                0x00000ae0       0x28 ./port.o
                0x00000ae0                SVC_Handler
 .text.prvPortStartFirstTask
                0x00000b08       0x20 ./port.o
 .text.xPortStartScheduler
                0x00000b28      0x100 ./port.o
                0x00000b28                xPortStartScheduler
 .text.vPortEnterCritical
                0x00000c28       0x5c ./port.o
                0x00000c28                vPortEnterCritical
 .text.vPortExitCritical
                0x00000c84       0x4c ./port.o
                0x00000c84                vPortExitCritical
 .text.PendSV_Handler
                0x00000cd0       0x48 ./port.o
                0x00000cd0                PendSV_Handler
 .text.SysTick_Handler
                0x00000d18       0x40 ./port.o
                0x00000d18                SysTick_Handler
 .text.vPortSetupTimerInterrupt
                0x00000d58       0x34 ./port.o
                0x00000d58                vPortSetupTimerInterrupt
 .text.xQueueGenericReset
                0x00000d8c       0xd0 ./queue.o
                0x00000d8c                xQueueGenericReset
 .text.xQueueGenericCreate
                0x00000e5c       0xac ./queue.o
                0x00000e5c                xQueueGenericCreate
 .text.prvInitialiseNewQueue
                0x00000f08      0x128 ./queue.o
 .text.xQueueGenericSend
                0x00001030      0x3e8 ./queue.o
                0x00001030                xQueueGenericSend
 .text.xQueueReceive
                0x00001418      0x404 ./queue.o
                0x00001418                xQueueReceive
 .text.uxQueueGetQueueNumber
                0x0000181c       0x18 ./queue.o
                0x0000181c                uxQueueGetQueueNumber
 .text.vQueueSetQueueNumber
                0x00001834       0x1c ./queue.o
                0x00001834                vQueueSetQueueNumber
 .text.ucQueueGetQueueType
                0x00001850       0x18 ./queue.o
                0x00001850                ucQueueGetQueueType
 .text.prvCopyDataToQueue
                0x00001868       0xd4 ./queue.o
 .text.prvCopyDataFromQueue
                0x0000193c       0x4c ./queue.o
 .text.prvUnlockQueue
                0x00001988       0xa4 ./queue.o
 .text.prvIsQueueEmpty
                0x00001a2c       0x2c ./queue.o
 .text.prvIsQueueFull
                0x00001a58       0x30 ./queue.o
 .text.xTaskCreate
                0x00001a88       0x84 ./tasks.o
                0x00001a88                xTaskCreate
 .text.prvInitialiseNewTask
                0x00001b0c      0x110 ./tasks.o
 .text.prvAddNewTaskToReadyList
                0x00001c1c      0x17c ./tasks.o
 .text.vTaskDelay
                0x00001d98       0xd8 ./tasks.o
                0x00001d98                vTaskDelay
 .text.vTaskStartScheduler
                0x00001e70       0x8c ./tasks.o
                0x00001e70                vTaskStartScheduler
 .text.vTaskSuspendAll
                0x00001efc       0x1c ./tasks.o
                0x00001efc                vTaskSuspendAll
 .text.xTaskResumeAll
                0x00001f18      0x138 ./tasks.o
                0x00001f18                xTaskResumeAll
 .text.xTaskIncrementTick
                0x00002050      0x1a0 ./tasks.o
                0x00002050                xTaskIncrementTick
 .text.vTaskSwitchContext
                0x000021f0       0xe8 ./tasks.o
                0x000021f0                vTaskSwitchContext
 .text.vTaskPlaceOnEventList
                0x000022d8       0x48 ./tasks.o
                0x000022d8                vTaskPlaceOnEventList
 .text.xTaskRemoveFromEventList
                0x00002320       0xc4 ./tasks.o
                0x00002320                xTaskRemoveFromEventList
 .text.vTaskInternalSetTimeOutState
                0x000023e4       0x2c ./tasks.o
                0x000023e4                vTaskInternalSetTimeOutState
 .text.xTaskCheckForTimeOut
                0x00002410       0xc0 ./tasks.o
                0x00002410                xTaskCheckForTimeOut
 .text.vTaskMissedYield
                0x000024d0       0x18 ./tasks.o
                0x000024d0                vTaskMissedYield
 .text.uxTaskGetTaskNumber
                0x000024e8       0x2c ./tasks.o
                0x000024e8                uxTaskGetTaskNumber
 .text.vTaskSetTaskNumber
                0x00002514       0x24 ./tasks.o
                0x00002514                vTaskSetTaskNumber
 .text.prvIdleTask
                0x00002538       0x10 ./tasks.o
 .text.prvInitialiseTaskLists
                0x00002548       0x80 ./tasks.o
 .text.prvCheckTasksWaitingTermination
                0x000025c8       0x58 ./tasks.o
 .text.prvDeleteTCB
                0x00002620       0x20 ./tasks.o
 .text.prvResetNextTaskUnblockTime
                0x00002640       0x48 ./tasks.o
 .text.xTaskGetCurrentTaskHandle
                0x00002688       0x1c ./tasks.o
                0x00002688                xTaskGetCurrentTaskHandle
 .text.xTaskGetSchedulerState
                0x000026a4       0x3c ./tasks.o
                0x000026a4                xTaskGetSchedulerState
 .text.xTaskPriorityDisinherit
                0x000026e0      0x164 ./tasks.o
                0x000026e0                xTaskPriorityDisinherit
 .text.prvAddCurrentTaskToDelayedList
                0x00002844       0xcc ./tasks.o
 .text.prvTraceGetQueueNumber
                0x00002910       0x18 ./trcKernelPort.o
                0x00002910                prvTraceGetQueueNumber
 .text.prvTraceGetQueueType
                0x00002928       0x18 ./trcKernelPort.o
                0x00002928                prvTraceGetQueueType
 .text.prvTraceGetTaskNumberLow16
                0x00002940       0x1c ./trcKernelPort.o
                0x00002940                prvTraceGetTaskNumberLow16
 .text.prvTraceGetTaskNumberHigh16
                0x0000295c       0x1c ./trcKernelPort.o
                0x0000295c                prvTraceGetTaskNumberHigh16
 .text.prvTraceSetTaskNumberLow16
                0x00002978       0x2c ./trcKernelPort.o
                0x00002978                prvTraceSetTaskNumberLow16
 .text.prvTraceSetTaskNumberHigh16
                0x000029a4       0x2c ./trcKernelPort.o
                0x000029a4                prvTraceSetTaskNumberHigh16
 .text.prvTraceGetQueueNumberLow16
                0x000029d0       0x1c ./trcKernelPort.o
                0x000029d0                prvTraceGetQueueNumberLow16
 .text.prvTraceGetQueueNumberHigh16
                0x000029ec       0x1c ./trcKernelPort.o
                0x000029ec                prvTraceGetQueueNumberHigh16
 .text.prvTraceSetQueueNumberLow16
                0x00002a08       0x2c ./trcKernelPort.o
                0x00002a08                prvTraceSetQueueNumberLow16
 .text.prvTraceSetQueueNumberHigh16
                0x00002a34       0x2c ./trcKernelPort.o
                0x00002a34                prvTraceSetQueueNumberHigh16
 .text.prvTraceGetCurrentTaskHandle
                0x00002a60       0x10 ./trcKernelPort.o
                0x00002a60                prvTraceGetCurrentTaskHandle
 .text.vTraceInitObjectPropertyTable
                0x00002a70      0x19c ./trcKernelPort.o
                0x00002a70                vTraceInitObjectPropertyTable
 .text.vTraceInitObjectHandleStack
                0x00002c0c       0xe0 ./trcKernelPort.o
                0x00002c0c                vTraceInitObjectHandleStack
 .text.pszTraceGetErrorNotEnoughHandles
                0x00002cec       0x94 ./trcKernelPort.o
                0x00002cec                pszTraceGetErrorNotEnoughHandles
 .text.vTraceEnable
                0x00002d80       0x44 ./trcSnapshotRecorder.o
                0x00002d80                vTraceEnable
 .text.uiTraceStart
                0x00002dc4       0xd0 ./trcSnapshotRecorder.o
                0x00002dc4                uiTraceStart
 .text.vTraceStart
                0x00002e94        0xc ./trcSnapshotRecorder.o
                0x00002e94                vTraceStart
 .text.vTraceStop
                0x00002ea0       0x30 ./trcSnapshotRecorder.o
                0x00002ea0                vTraceStop
 .text.prvTraceStoreKernelCall
                0x00002ed0       0xe8 ./trcSnapshotRecorder.o
                0x00002ed0                prvTraceStoreKernelCall
 .text.prvTraceStoreKernelCallWithParam
                0x00002fb8       0xf8 ./trcSnapshotRecorder.o
                0x00002fb8                prvTraceStoreKernelCallWithParam
 .text.prvTraceGetParam
                0x000030b0       0x78 ./trcSnapshotRecorder.o
 .text.prvTraceStoreKernelCallWithNumericParamOnly
                0x00003128       0xbc ./trcSnapshotRecorder.o
                0x00003128                prvTraceStoreKernelCallWithNumericParamOnly
 .text.prvTraceStoreTaskswitch
                0x000031e4       0xd4 ./trcSnapshotRecorder.o
                0x000031e4                prvTraceStoreTaskswitch
 .text.prvTraceSetPriorityProperty
                0x000032b8       0x78 ./trcSnapshotRecorder.o
                0x000032b8                prvTraceSetPriorityProperty
 .text.prvTraceGetPriorityProperty
                0x00003330       0x7c ./trcSnapshotRecorder.o
                0x00003330                prvTraceGetPriorityProperty
 .text.prvTraceSetObjectState
                0x000033ac       0x78 ./trcSnapshotRecorder.o
                0x000033ac                prvTraceSetObjectState
 .text.prvTraceGetObjectState
                0x00003424       0x78 ./trcSnapshotRecorder.o
 .text.prvTraceSetTaskInstanceFinished
                0x0000349c       0x54 ./trcSnapshotRecorder.o
                0x0000349c                prvTraceSetTaskInstanceFinished
 .text.prvTraceInitTraceData
                0x000034f0      0x248 ./trcSnapshotRecorder.o
 .text.prvTraceNextFreeEventBufferSlot
                0x00003738       0x48 ./trcSnapshotRecorder.o
 .text.uiIndexOfObject
                0x00003780       0xb0 ./trcSnapshotRecorder.o
                0x00003780                uiIndexOfObject
 .text.prvTraceGetObjectHandle
                0x00003830      0x14c ./trcSnapshotRecorder.o
                0x00003830                prvTraceGetObjectHandle
 .text.prvMarkObjectAsUsed
                0x0000397c       0x3c ./trcSnapshotRecorder.o
                0x0000397c                prvMarkObjectAsUsed
 .text.prvStrncpy
                0x000039b8       0x50 ./trcSnapshotRecorder.o
 .text.prvTraceSetObjectName
                0x00003a08       0xbc ./trcSnapshotRecorder.o
                0x00003a08                prvTraceSetObjectName
 .text.prvTraceError
                0x00003ac4       0x60 ./trcSnapshotRecorder.o
                0x00003ac4                prvTraceError
 .text.prvCheckDataToBeOverwrittenForMultiEntryEvents
                0x00003b24      0x12c ./trcSnapshotRecorder.o
 .text.prvTraceUpdateCounters
                0x00003c50       0x50 ./trcSnapshotRecorder.o
 .text.prvTraceGetDTS
                0x00003ca0      0x1b0 ./trcSnapshotRecorder.o
 .text.prvTraceInitCortexM
                0x00003e50       0x6c ./trcSnapshotRecorder.o
                0x00003e50                prvTraceInitCortexM
 .text.prvTracePortGetTimeStamp
                0x00003ebc       0x94 ./trcSnapshotRecorder.o
                0x00003ebc                prvTracePortGetTimeStamp
 .text.__get_PRIMASK
                0x00003f50       0x1c /home/matiasnavarro/Facultad/2019/Sistemas_Operativos_II/Practicos/CMSISv1p30_LPC17xx/Debug/libCMSISv1p30_LPC17xx.a(core_cm3.o)
                0x00003f50                __get_PRIMASK
 .text.__set_PRIMASK
                0x00003f6c       0x18 /home/matiasnavarro/Facultad/2019/Sistemas_Operativos_II/Practicos/CMSISv1p30_LPC17xx/Debug/libCMSISv1p30_LPC17xx.a(core_cm3.o)
                0x00003f6c                __set_PRIMASK
 .text.SystemInit
                0x00003f84      0x138 /home/matiasnavarro/Facultad/2019/Sistemas_Operativos_II/Practicos/CMSISv1p30_LPC17xx/Debug/libCMSISv1p30_LPC17xx.a(system_LPC17xx.o)
                0x00003f84                SystemInit
 .text.__sys_write
                0x000040bc        0x4 /home/matiasnavarro/Facultad/lpcxpresso/tools/bin/../lib/gcc/arm-none-eabi/5.3.1/../../../../arm-none-eabi/lib/armv7-m/libcr_nohost.a(__sys_write.o)
                0x000040bc                __write
                0x000040bc                __sys_write
 .text.__main   0x000040c0       0x14 /home/matiasnavarro/Facultad/lpcxpresso/tools/bin/../lib/gcc/arm-none-eabi/5.3.1/../../../../arm-none-eabi/lib/armv7-m/libcr_nohost.a(_cr__main.o)
                0x000040c0                __main
 .text.memcpy   0x000040d4        0x4 /home/matiasnavarro/Facultad/lpcxpresso/tools/bin/../lib/gcc/arm-none-eabi/5.3.1/../../../../arm-none-eabi/lib/armv7-m/libcr_c.a(memcpy.o)
                0x000040d4                memcpy
 .text.memset   0x000040d8        0x4 /home/matiasnavarro/Facultad/lpcxpresso/tools/bin/../lib/gcc/arm-none-eabi/5.3.1/../../../../arm-none-eabi/lib/armv7-m/libcr_c.a(memset.o)
                0x000040d8                memset
 .text.fp_round
                0x000040dc       0x4c /home/matiasnavarro/Facultad/lpcxpresso/tools/bin/../lib/gcc/arm-none-eabi/5.3.1/../../../../arm-none-eabi/lib/armv7-m/libcr_c.a(fpprintf.o)
 .text.pr_dec.constprop.1
                0x00004128       0x26 /home/matiasnavarro/Facultad/lpcxpresso/tools/bin/../lib/gcc/arm-none-eabi/5.3.1/../../../../arm-none-eabi/lib/armv7-m/libcr_c.a(fpprintf.o)
 *fill*         0x0000414e        0x2 ff
 .text.sprintf  0x00004150       0x6c /home/matiasnavarro/Facultad/lpcxpresso/tools/bin/../lib/gcc/arm-none-eabi/5.3.1/../../../../arm-none-eabi/lib/armv7-m/libcr_c.a(fpprintf.o)
                0x00004150                sprintf
 *fill*         0x000041bc        0x4 ff
 .text.fp_display
                0x000041c0      0x8ec /home/matiasnavarro/Facultad/lpcxpresso/tools/bin/../lib/gcc/arm-none-eabi/5.3.1/../../../../arm-none-eabi/lib/armv7-m/libcr_c.a(fpprintf.o)
 .text._initio  0x00004aac       0xa4 /home/matiasnavarro/Facultad/lpcxpresso/tools/bin/../lib/gcc/arm-none-eabi/5.3.1/../../../../arm-none-eabi/lib/armv7-m/libcr_c.a(initio.o)
                0x00004aac                _initio
 .text.__vfprintf
                0x00004b50      0xd28 /home/matiasnavarro/Facultad/lpcxpresso/tools/bin/../lib/gcc/arm-none-eabi/5.3.1/../../../../arm-none-eabi/lib/armv7-m/libcr_c.a(printf.o)
                0x00004b50                __vfprintf
 .text.setvbuf  0x00005878       0x40 /home/matiasnavarro/Facultad/lpcxpresso/tools/bin/../lib/gcc/arm-none-eabi/5.3.1/../../../../arm-none-eabi/lib/armv7-m/libcr_c.a(setvbuf.o)
                0x00005878                setvbuf
 .text.rand     0x000058b8       0x3c /home/matiasnavarro/Facultad/lpcxpresso/tools/bin/../lib/gcc/arm-none-eabi/5.3.1/../../../../arm-none-eabi/lib/armv7-m/libcr_c.a(stdlib.o)
                0x000058b8                rand
 .text.strlen   0x000058f4       0x4a /home/matiasnavarro/Facultad/lpcxpresso/tools/bin/../lib/gcc/arm-none-eabi/5.3.1/../../../../arm-none-eabi/lib/armv7-m/libcr_c.a(strlen.o)
                0x000058f4                strlen
 .text._deferredlazyseek
                0x0000593e       0x44 /home/matiasnavarro/Facultad/lpcxpresso/tools/bin/../lib/gcc/arm-none-eabi/5.3.1/../../../../arm-none-eabi/lib/armv7-m/libcr_c.a(_deferredlazyseek.o)
                0x0000593e                _deferredlazyseek
 .text.__flsbuf
                0x00005982      0x140 /home/matiasnavarro/Facultad/lpcxpresso/tools/bin/../lib/gcc/arm-none-eabi/5.3.1/../../../../arm-none-eabi/lib/armv7-m/libcr_c.a(_deferredlazyseek.o)
                0x00005982                __flsbuf
 .text._fdopen  0x00005ac2       0x6a /home/matiasnavarro/Facultad/lpcxpresso/tools/bin/../lib/gcc/arm-none-eabi/5.3.1/../../../../arm-none-eabi/lib/armv7-m/libcr_c.a(_fdopen.o)
                0x00005ac2                _fdopen
 .text._fflush  0x00005b2c       0x58 /home/matiasnavarro/Facultad/lpcxpresso/tools/bin/../lib/gcc/arm-none-eabi/5.3.1/../../../../arm-none-eabi/lib/armv7-m/libcr_c.a(_fflush.o)
                0x00005b2c                _fflush
 .text._frexpl  0x00005b84       0x5a /home/matiasnavarro/Facultad/lpcxpresso/tools/bin/../lib/gcc/arm-none-eabi/5.3.1/../../../../arm-none-eabi/lib/armv7-m/libcr_c.a(_frexpl.o)
                0x00005b84                _frexpl
 *fill*         0x00005bde        0x2 ff
 .text._ldexpl  0x00005be0       0x4c /home/matiasnavarro/Facultad/lpcxpresso/tools/bin/../lib/gcc/arm-none-eabi/5.3.1/../../../../arm-none-eabi/lib/armv7-m/libcr_c.a(_ldexpl.o)
                0x00005be0                _ldexpl
 .text._Cwritebuf
                0x00005c2c       0x68 /home/matiasnavarro/Facultad/lpcxpresso/tools/bin/../lib/gcc/arm-none-eabi/5.3.1/../../../../arm-none-eabi/lib/armv7-m/libcr_c.a(_writebuf.o)
                0x00005c2c                _Cwritebuf
 .text.malloc   0x00005c94       0xc8 /home/matiasnavarro/Facultad/lpcxpresso/tools/bin/../lib/gcc/arm-none-eabi/5.3.1/../../../../arm-none-eabi/lib/armv7-m/libcr_c.a(alloc.o)
                0x00005c94                malloc
 .text.free     0x00005d5c       0x30 /home/matiasnavarro/Facultad/lpcxpresso/tools/bin/../lib/gcc/arm-none-eabi/5.3.1/../../../../arm-none-eabi/lib/armv7-m/libcr_c.a(alloc.o)
                0x00005d5c                free
 .text._Csys_alloc
                0x00005d8c       0x20 /home/matiasnavarro/Facultad/lpcxpresso/tools/bin/../lib/gcc/arm-none-eabi/5.3.1/../../../../arm-none-eabi/lib/armv7-m/libcr_c.a(alloc.o)
                0x00005d8c                _Csys_alloc
 .text.fclose   0x00005dac       0x6c /home/matiasnavarro/Facultad/lpcxpresso/tools/bin/../lib/gcc/arm-none-eabi/5.3.1/../../../../arm-none-eabi/lib/armv7-m/libcr_c.a(fclose.o)
                0x00005dac                fclose
 .text.fflush   0x00005e18       0x30 /home/matiasnavarro/Facultad/lpcxpresso/tools/bin/../lib/gcc/arm-none-eabi/5.3.1/../../../../arm-none-eabi/lib/armv7-m/libcr_c.a(fflush.o)
                0x00005e18                fflush
 .text.fseek    0x00005e48      0x110 /home/matiasnavarro/Facultad/lpcxpresso/tools/bin/../lib/gcc/arm-none-eabi/5.3.1/../../../../arm-none-eabi/lib/armv7-m/libcr_c.a(fseek.o)
                0x00005e48                fseek
 .text.ftell    0x00005f58       0x4c /home/matiasnavarro/Facultad/lpcxpresso/tools/bin/../lib/gcc/arm-none-eabi/5.3.1/../../../../arm-none-eabi/lib/armv7-m/libcr_c.a(ftell.o)
                0x00005f58                ftell
 .text.remove   0x00005fa4       0x14 /home/matiasnavarro/Facultad/lpcxpresso/tools/bin/../lib/gcc/arm-none-eabi/5.3.1/../../../../arm-none-eabi/lib/armv7-m/libcr_c.a(remove.o)
                0x00005fa4                remove
 .text._sbrk    0x00005fb8       0x40 /home/matiasnavarro/Facultad/lpcxpresso/tools/bin/../lib/gcc/arm-none-eabi/5.3.1/../../../../arm-none-eabi/lib/armv7-m/libcr_c.a(_cr_sbrk.o)
                0x00005fb8                _sbrk
 .text._do_fflush
                0x00005ff8       0x44 /home/matiasnavarro/Facultad/lpcxpresso/tools/bin/../lib/gcc/arm-none-eabi/5.3.1/../../../../arm-none-eabi/lib/armv7-m/libcr_c.a(_do_fflush.o)
                0x00005ff8                _do_fflush
 .text.__check_heap_overflow
                0x0000603c       0x18 /home/matiasnavarro/Facultad/lpcxpresso/tools/bin/../lib/gcc/arm-none-eabi/5.3.1/../../../../arm-none-eabi/lib/armv7-m/libcr_c.a(_cr_check_heap.o)
                0x0000603c                __check_heap_overflow
 .text.__aeabi_dmul
                0x00006054      0x110 /home/matiasnavarro/Facultad/lpcxpresso/tools/bin/../lib/gcc/arm-none-eabi/5.3.1/armv7-m/libcr_eabihelpers.a(double.o)
                0x00006054                __aeabi_dmul
 .text.__aeabi_ddiv
                0x00006164      0x138 /home/matiasnavarro/Facultad/lpcxpresso/tools/bin/../lib/gcc/arm-none-eabi/5.3.1/armv7-m/libcr_eabihelpers.a(double.o)
                0x00006164                __aeabi_ddiv
 .text.__aeabi_dsub
                0x0000629c      0x1a0 /home/matiasnavarro/Facultad/lpcxpresso/tools/bin/../lib/gcc/arm-none-eabi/5.3.1/armv7-m/libcr_eabihelpers.a(double.o)
                0x0000629c                __aeabi_dsub
 .text.__aeabi_dadd
                0x0000643c      0x10c /home/matiasnavarro/Facultad/lpcxpresso/tools/bin/../lib/gcc/arm-none-eabi/5.3.1/armv7-m/libcr_eabihelpers.a(double.o)
                0x0000643c                __aeabi_dadd
 .text.__aeabi_d2iz
                0x00006548       0x40 /home/matiasnavarro/Facultad/lpcxpresso/tools/bin/../lib/gcc/arm-none-eabi/5.3.1/armv7-m/libcr_eabihelpers.a(double.o)
                0x00006548                __aeabi_d2iz
 .text.__bhs_ui2d
                0x00006588       0x46 /home/matiasnavarro/Facultad/lpcxpresso/tools/bin/../lib/gcc/arm-none-eabi/5.3.1/armv7-m/libcr_eabihelpers.a(double.o)
                0x00006588                __bhs_ui2d
 .text.__aeabi_i2d
                0x000065ce       0x10 /home/matiasnavarro/Facultad/lpcxpresso/tools/bin/../lib/gcc/arm-none-eabi/5.3.1/armv7-m/libcr_eabihelpers.a(double.o)
                0x000065ce                __aeabi_i2d
 .text.__aeabi_dcmpeq
                0x000065de       0x2c /home/matiasnavarro/Facultad/lpcxpresso/tools/bin/../lib/gcc/arm-none-eabi/5.3.1/armv7-m/libcr_eabihelpers.a(double.o)
                0x000065de                __aeabi_dcmpeq
 .text.__aeabi_dcmplt
                0x0000660a       0x54 /home/matiasnavarro/Facultad/lpcxpresso/tools/bin/../lib/gcc/arm-none-eabi/5.3.1/armv7-m/libcr_eabihelpers.a(double.o)
                0x0000660a                __aeabi_dcmplt
 .text.__aeabi_dcmple
                0x0000665e       0x54 /home/matiasnavarro/Facultad/lpcxpresso/tools/bin/../lib/gcc/arm-none-eabi/5.3.1/armv7-m/libcr_eabihelpers.a(double.o)
                0x0000665e                __aeabi_dcmple
 .text.__aeabi_dcmpge
                0x000066b2       0x54 /home/matiasnavarro/Facultad/lpcxpresso/tools/bin/../lib/gcc/arm-none-eabi/5.3.1/armv7-m/libcr_eabihelpers.a(double.o)
                0x000066b2                __aeabi_dcmpge
 .text.__aeabi_memcpy
                0x00006706       0x34 /home/matiasnavarro/Facultad/lpcxpresso/tools/bin/../lib/gcc/arm-none-eabi/5.3.1/armv7-m/libcr_eabihelpers.a(memcpy.o)
                0x00006706                __aeabi_memcpy
                0x00006710                __aeabi_memcpy4
                0x00006710                __aeabi_memcpy8
 .text.__aeabi_memset_lowlevel
                0x0000673a       0x32 /home/matiasnavarro/Facultad/lpcxpresso/tools/bin/../lib/gcc/arm-none-eabi/5.3.1/armv7-m/libcr_eabihelpers.a(memcpy.o)
                0x0000673a                __aeabi_lowlevel_memset
 .text.__sys_appexit
                0x0000676c        0x2 /home/matiasnavarro/Facultad/lpcxpresso/tools/bin/../lib/gcc/arm-none-eabi/5.3.1/../../../../arm-none-eabi/lib/armv7-m/libcr_nohost.a(__sys_appexit.o)
                0x0000676c                __exit
                0x0000676c                __sys_appexit
 .text.__sys_close
                0x0000676e        0x6 /home/matiasnavarro/Facultad/lpcxpresso/tools/bin/../lib/gcc/arm-none-eabi/5.3.1/../../../../arm-none-eabi/lib/armv7-m/libcr_nohost.a(__sys_close.o)
                0x0000676e                __sys_close
 .text.__sys_flen
                0x00006774        0x6 /home/matiasnavarro/Facultad/lpcxpresso/tools/bin/../lib/gcc/arm-none-eabi/5.3.1/../../../../arm-none-eabi/lib/armv7-m/libcr_nohost.a(__sys_flen.o)
                0x00006774                __sys_flen
 .text.__sys_istty
                0x0000677a        0x6 /home/matiasnavarro/Facultad/lpcxpresso/tools/bin/../lib/gcc/arm-none-eabi/5.3.1/../../../../arm-none-eabi/lib/armv7-m/libcr_nohost.a(__sys_istty.o)
                0x0000677a                __sys_istty
 .text.__sys_remove
                0x00006780        0x6 /home/matiasnavarro/Facultad/lpcxpresso/tools/bin/../lib/gcc/arm-none-eabi/5.3.1/../../../../arm-none-eabi/lib/armv7-m/libcr_nohost.a(__sys_remove.o)
                0x00006780                __sys_remove
 .text.__sys_seek
                0x00006786        0x6 /home/matiasnavarro/Facultad/lpcxpresso/tools/bin/../lib/gcc/arm-none-eabi/5.3.1/../../../../arm-none-eabi/lib/armv7-m/libcr_nohost.a(__sys_seek.o)
                0x00006786                __sys_seek
 .text.__sys_tmpnam
                0x0000678c        0x6 /home/matiasnavarro/Facultad/lpcxpresso/tools/bin/../lib/gcc/arm-none-eabi/5.3.1/../../../../arm-none-eabi/lib/armv7-m/libcr_nohost.a(__sys_tmpnam.o)
                0x0000678c                __sys_tmpnam
 *(.rodata .rodata.* .constdata .constdata.*)
 *fill*         0x00006792        0x2 ff
 .rodata        0x00006794        0xc ./basic_io.o
 .rodata        0x000067a0      0x124 ./main.o
 .rodata        0x000068c4        0x5 ./tasks.o
 *fill*         0x000068c9        0x3 ff
 .rodata        0x000068cc      0x2fe ./trcKernelPort.o
 *fill*         0x00006bca        0x2 ff
 .rodata        0x00006bcc     0x1110 ./trcSnapshotRecorder.o
 .rodata.str1.1
                0x00007cdc       0x34 /home/matiasnavarro/Facultad/lpcxpresso/tools/bin/../lib/gcc/arm-none-eabi/5.3.1/../../../../arm-none-eabi/lib/armv7-m/libcr_c.a(fpprintf.o)
                                 0x35 (size before relaxing)
 .rodata.str1.1
                0x00007d10        0x4 /home/matiasnavarro/Facultad/lpcxpresso/tools/bin/../lib/gcc/arm-none-eabi/5.3.1/../../../../arm-none-eabi/lib/armv7-m/libcr_c.a(initio.o)
 .rodata.str1.1
                0x00007d14       0x31 /home/matiasnavarro/Facultad/lpcxpresso/tools/bin/../lib/gcc/arm-none-eabi/5.3.1/../../../../arm-none-eabi/lib/armv7-m/libcr_c.a(printf.o)
                                 0x38 (size before relaxing)
 .rodata.str1.1
                0x00007d45       0x18 /home/matiasnavarro/Facultad/lpcxpresso/tools/bin/../lib/gcc/arm-none-eabi/5.3.1/../../../../arm-none-eabi/lib/armv7-m/libcr_c.a(alloc.o)
 *fill*         0x00007d5d        0x3 ff
 .rodata.__huge_vall
                0x00007d60        0x8 /home/matiasnavarro/Facultad/lpcxpresso/tools/bin/../lib/gcc/arm-none-eabi/5.3.1/../../../../arm-none-eabi/lib/armv7-m/libcr_c.a(_hugeval.o)
                0x00007d60                __huge_vall
                0x00007d68                . = ALIGN (0x4)

.glue_7         0x00007d68        0x0
 .glue_7        0x00007d68        0x0 linker stubs

.glue_7t        0x00007d68        0x0
 .glue_7t       0x00007d68        0x0 linker stubs

.vfp11_veneer   0x00007d68        0x0
 .vfp11_veneer  0x00007d68        0x0 linker stubs

.v4_bx          0x00007d68        0x0
 .v4_bx         0x00007d68        0x0 linker stubs

.iplt           0x00007d68        0x0
 .iplt          0x00007d68        0x0 ./basic_io.o

.rel.dyn        0x00007d68        0x0
 .rel.iplt      0x00007d68        0x0 ./basic_io.o

.ARM.extab
 *(.ARM.extab* .gnu.linkonce.armextab.*)
                0x00007d68                __exidx_start = .

.ARM.exidx
 *(.ARM.exidx* .gnu.linkonce.armexidx.*)
                0x00007d68                __exidx_end = .
                0x00007d68                _etext = .

.data_RAM2      0x2007c000        0x0 load address 0x00007d68
 FILL mask 0xff
                [!provide]                PROVIDE (__start_data_RAM2, .)
 *(.ramfunc.$RAM2)
 *(.ramfunc.$RamAHB32)
 *(.data.$RAM2*)
 *(.data.$RamAHB32*)
                0x2007c000                . = ALIGN (0x4)
                [!provide]                PROVIDE (__end_data_RAM2, .)

.uninit_RESERVED
                0x10000000        0x0
 *(.bss.$RESERVED*)
                0x10000000                . = ALIGN (0x4)
                0x10000000                _end_uninit_RESERVED = .

.data           0x10000000       0xf8 load address 0x00007d68
 FILL mask 0xff
                0x10000000                _data = .
 *(vtable)
 *(.ramfunc*)
 *(.data*)
 .data          0x10000000        0x4 ./heap_2.o
 .data          0x10000004        0x4 ./port.o
 .data          0x10000008        0x5 ./trcKernelPort.o
                0x10000008                TraceQueueClassTable
 *fill*         0x1000000d        0x1 ff
 .data          0x1000000e        0x4 ./trcSnapshotRecorder.o
                0x1000000e                CurrentFilterMask
                0x10000010                CurrentFilterGroup
 *fill*         0x10000012        0x2 ff
 .data._random_number_seed
                0x10000014       0xdc /home/matiasnavarro/Facultad/lpcxpresso/tools/bin/../lib/gcc/arm-none-eabi/5.3.1/../../../../arm-none-eabi/lib/armv7-m/libcr_c.a(stdlib.o)
 .data._random_j
                0x100000f0        0x4 /home/matiasnavarro/Facultad/lpcxpresso/tools/bin/../lib/gcc/arm-none-eabi/5.3.1/../../../../arm-none-eabi/lib/armv7-m/libcr_c.a(stdlib.o)
 .data._random_k
                0x100000f4        0x4 /home/matiasnavarro/Facultad/lpcxpresso/tools/bin/../lib/gcc/arm-none-eabi/5.3.1/../../../../arm-none-eabi/lib/armv7-m/libcr_c.a(stdlib.o)
                0x100000f8                . = ALIGN (0x4)
                0x100000f8                _edata = .

.igot.plt       0x100000f8        0x0 load address 0x00007e60
 .igot.plt      0x100000f8        0x0 ./basic_io.o

.bss_RAM2       0x2007c000        0x0
                [!provide]                PROVIDE (__start_bss_RAM2, .)
 *(.bss.$RAM2*)
 *(.bss.$RamAHB32*)
                0x2007c000                . = ALIGN ((. != 0x0)?0x4:0x1)
                [!provide]                PROVIDE (__end_bss_RAM2, .)

.bss            0x100000f8     0x71f0
                0x100000f8                _bss = .
 *(.bss*)
 .bss           0x100000f8       0x32 ./basic_io.o
 *fill*         0x1000012a        0x2 
 .bss           0x1000012c     0x2814 ./heap_2.o
 .bss           0x10002940        0x4 ./main.o
 .bss           0x10002944        0x8 ./port.o
 .bss           0x1000294c      0x12c ./tasks.o
                0x1000294c                pxCurrentTCB
 .bss           0x10002a78      0x34c ./trcSnapshotRecorder.o
                0x10002a80                isPendingContextSwitch
                0x10002a84                uiTraceTickCount
                0x10002a88                trace_disable_timestamp
                0x10002a90                recorder_busy
                0x10002a94                timestampFrequency
                0x10002a98                traceErrorMessage
                0x10002a9c                nISRactive
                0x10002a9d                handle_of_last_logged_task
                0x10002aa0                vTraceStopHookPtr
                0x10002aa4                objectHandleStacks
                0x10002da8                RecorderDataPtr
 .bss._extra    0x10002dc4        0x4 /home/matiasnavarro/Facultad/lpcxpresso/tools/bin/../lib/gcc/arm-none-eabi/5.3.1/../../../../arm-none-eabi/lib/armv7-m/libcr_c.a(initio.o)
                0x10002dc4                _extra
 .bss.__Ciob    0x10002dc8      0x140 /home/matiasnavarro/Facultad/lpcxpresso/tools/bin/../lib/gcc/arm-none-eabi/5.3.1/../../../../arm-none-eabi/lib/armv7-m/libcr_c.a(stdio.o)
                0x10002dc8                __Ciob
 .bss.errno     0x10002f08        0x4 /home/matiasnavarro/Facultad/lpcxpresso/tools/bin/../lib/gcc/arm-none-eabi/5.3.1/../../../../arm-none-eabi/lib/armv7-m/libcr_c.a(errno.o)
                0x10002f08                errno
 .bss.__heaps   0x10002f0c        0x4 /home/matiasnavarro/Facultad/lpcxpresso/tools/bin/../lib/gcc/arm-none-eabi/5.3.1/../../../../arm-none-eabi/lib/armv7-m/libcr_c.a(__init_alloc.o)
                0x10002f0c                __heaps
 .bss.__end_of_heap
                0x10002f10        0x4 /home/matiasnavarro/Facultad/lpcxpresso/tools/bin/../lib/gcc/arm-none-eabi/5.3.1/../../../../arm-none-eabi/lib/armv7-m/libcr_c.a(__init_alloc.o)
                0x10002f10                __end_of_heap
 *(COMMON)
 COMMON         0x10002f14     0x43d4 ./trcSnapshotRecorder.o
                0x10002f14                RecorderData
                0x100072e4                init_hwtc_count
                0x100072e8                . = ALIGN (0x4)
                0x100072e8                _ebss = .
                [!provide]                PROVIDE (end, .)

.noinit_RAM2    0x2007c000        0x0
 *(.noinit.$RAM2*)
 *(.noinit.$RamAHB32*)
                0x2007c000                . = ALIGN (0x4)

.noinit         0x100072e8        0x0
                0x100072e8                _noinit = .
 *(.noinit*)
                0x100072e8                . = ALIGN (0x4)
                0x100072e8                _end_noinit = .
                0x100072e8                PROVIDE (_pvHeapStart, DEFINED (__user_heap_base)?__user_heap_base:.)
                0x10008000                PROVIDE (_vStackTop, DEFINED (__user_stack_top)?__user_stack_top:(__top_RamLoc32 - 0x0))
                [!provide]                PROVIDE (__valid_user_code_checksum, (0x0 - ((((((_vStackTop + (ResetISR + 0x1)) + (NMI_Handler + 0x1)) + (HardFault_Handler + 0x1)) + (DEFINED (MemManage_Handler)?MemManage_Handler:0x0 + 0x1)) + (DEFINED (BusFault_Handler)?BusFault_Handler:0x0 + 0x1)) + (DEFINED (UsageFault_Handler)?UsageFault_Handler:0x0 + 0x1))))
OUTPUT(TP4-SOII___2019.axf elf32-littlearm)

.debug_info     0x00000000     0x7326
 .debug_info    0x00000000      0x118 ./basic_io.o
 .debug_info    0x00000118       0xa5 ./consoleprint.o
 .debug_info    0x000001bd      0x250 ./cr_startup_lpc175x_6x.o
 .debug_info    0x0000040d      0x2d0 ./heap_2.o
 .debug_info    0x000006dd      0x2b7 ./list.o
 .debug_info    0x00000994      0x737 ./main.o
 .debug_info    0x000010cb      0x4ef ./port.o
 .debug_info    0x000015ba     0x1487 ./queue.o
 .debug_info    0x00002a41     0x1e81 ./tasks.o
 .debug_info    0x000048c2      0x8a5 ./trcKernelPort.o
 .debug_info    0x00005167     0x19e4 ./trcSnapshotRecorder.o
 .debug_info    0x00006b4b      0x4f8 /home/matiasnavarro/Facultad/2019/Sistemas_Operativos_II/Practicos/CMSISv1p30_LPC17xx/Debug/libCMSISv1p30_LPC17xx.a(core_cm3.o)
 .debug_info    0x00007043      0x2e3 /home/matiasnavarro/Facultad/2019/Sistemas_Operativos_II/Practicos/CMSISv1p30_LPC17xx/Debug/libCMSISv1p30_LPC17xx.a(system_LPC17xx.o)

.debug_abbrev   0x00000000     0x12bf
 .debug_abbrev  0x00000000       0x9f ./basic_io.o
 .debug_abbrev  0x0000009f       0x7f ./consoleprint.o
 .debug_abbrev  0x0000011e       0xf5 ./cr_startup_lpc175x_6x.o
 .debug_abbrev  0x00000213      0x15e ./heap_2.o
 .debug_abbrev  0x00000371       0xdb ./list.o
 .debug_abbrev  0x0000044c      0x1aa ./main.o
 .debug_abbrev  0x000005f6      0x1f6 ./port.o
 .debug_abbrev  0x000007ec      0x26a ./queue.o
 .debug_abbrev  0x00000a56      0x2b0 ./tasks.o
 .debug_abbrev  0x00000d06      0x189 ./trcKernelPort.o
 .debug_abbrev  0x00000e8f      0x2b1 ./trcSnapshotRecorder.o
 .debug_abbrev  0x00001140       0xb1 /home/matiasnavarro/Facultad/2019/Sistemas_Operativos_II/Practicos/CMSISv1p30_LPC17xx/Debug/libCMSISv1p30_LPC17xx.a(core_cm3.o)
 .debug_abbrev  0x000011f1       0xce /home/matiasnavarro/Facultad/2019/Sistemas_Operativos_II/Practicos/CMSISv1p30_LPC17xx/Debug/libCMSISv1p30_LPC17xx.a(system_LPC17xx.o)

.debug_aranges  0x00000000      0x878
 .debug_aranges
                0x00000000       0x28 ./basic_io.o
 .debug_aranges
                0x00000028       0x20 ./consoleprint.o
 .debug_aranges
                0x00000048       0x80 ./cr_startup_lpc175x_6x.o
 .debug_aranges
                0x000000c8       0x40 ./heap_2.o
 .debug_aranges
                0x00000108       0x40 ./list.o
 .debug_aranges
                0x00000148       0x50 ./main.o
 .debug_aranges
                0x00000198       0x78 ./port.o
 .debug_aranges
                0x00000210      0x100 ./queue.o
 .debug_aranges
                0x00000310      0x1e0 ./tasks.o
 .debug_aranges
                0x000004f0       0xa8 ./trcKernelPort.o
 .debug_aranges
                0x00000598      0x1f0 ./trcSnapshotRecorder.o
 .debug_aranges
                0x00000788       0xc8 /home/matiasnavarro/Facultad/2019/Sistemas_Operativos_II/Practicos/CMSISv1p30_LPC17xx/Debug/libCMSISv1p30_LPC17xx.a(core_cm3.o)
 .debug_aranges
                0x00000850       0x28 /home/matiasnavarro/Facultad/2019/Sistemas_Operativos_II/Practicos/CMSISv1p30_LPC17xx/Debug/libCMSISv1p30_LPC17xx.a(system_LPC17xx.o)

.debug_ranges   0x00000000      0x7a8
 .debug_ranges  0x00000000       0x18 ./basic_io.o
 .debug_ranges  0x00000018       0x10 ./consoleprint.o
 .debug_ranges  0x00000028       0x70 ./cr_startup_lpc175x_6x.o
 .debug_ranges  0x00000098       0x30 ./heap_2.o
 .debug_ranges  0x000000c8       0x30 ./list.o
 .debug_ranges  0x000000f8       0x40 ./main.o
 .debug_ranges  0x00000138       0x68 ./port.o
 .debug_ranges  0x000001a0       0xf0 ./queue.o
 .debug_ranges  0x00000290      0x1d0 ./tasks.o
 .debug_ranges  0x00000460       0x98 ./trcKernelPort.o
 .debug_ranges  0x000004f8      0x1e0 ./trcSnapshotRecorder.o
 .debug_ranges  0x000006d8       0xb8 /home/matiasnavarro/Facultad/2019/Sistemas_Operativos_II/Practicos/CMSISv1p30_LPC17xx/Debug/libCMSISv1p30_LPC17xx.a(core_cm3.o)
 .debug_ranges  0x00000790       0x18 /home/matiasnavarro/Facultad/2019/Sistemas_Operativos_II/Practicos/CMSISv1p30_LPC17xx/Debug/libCMSISv1p30_LPC17xx.a(system_LPC17xx.o)

.debug_macro    0x00000000     0x50c7
 .debug_macro   0x00000000      0x157 ./basic_io.o
 .debug_macro   0x00000157      0x880 ./basic_io.o
 .debug_macro   0x000009d7       0x10 ./basic_io.o
 .debug_macro   0x000009e7      0x12d ./basic_io.o
 .debug_macro   0x00000b14       0x16 ./basic_io.o
 .debug_macro   0x00000b2a      0x5b2 ./basic_io.o
 .debug_macro   0x000010dc       0x1c ./basic_io.o
 .debug_macro   0x000010f8      0x7d5 ./basic_io.o
 .debug_macro   0x000018cd      0x2c7 ./basic_io.o
 .debug_macro   0x00001b94       0xe2 ./basic_io.o
 .debug_macro   0x00001c76       0x1c ./basic_io.o
 .debug_macro   0x00001c92      0x13f ./basic_io.o
 .debug_macro   0x00001dd1       0x6a ./basic_io.o
 .debug_macro   0x00001e3b       0xdd ./basic_io.o
 .debug_macro   0x00001f18       0x88 ./basic_io.o
 .debug_macro   0x00001fa0      0x908 ./basic_io.o
 .debug_macro   0x000028a8      0x1b9 ./basic_io.o
 .debug_macro   0x00002a61      0x15a ./basic_io.o
 .debug_macro   0x00002bbb       0xdd ./basic_io.o
 .debug_macro   0x00002c98       0x10 ./basic_io.o
 .debug_macro   0x00002ca8       0x1f ./basic_io.o
 .debug_macro   0x00002cc7      0x37c ./basic_io.o
 .debug_macro   0x00003043       0xb5 ./basic_io.o
 .debug_macro   0x000030f8       0x8c ./basic_io.o
 .debug_macro   0x00003184       0x9a ./basic_io.o
 .debug_macro   0x0000321e       0x5a ./consoleprint.o
 .debug_macro   0x00003278       0xa0 ./consoleprint.o
 .debug_macro   0x00003318       0x1d ./cr_startup_lpc175x_6x.o
 .debug_macro   0x00003335      0x162 ./heap_2.o
 .debug_macro   0x00003497       0x28 ./heap_2.o
 .debug_macro   0x000034bf      0x134 ./list.o
 .debug_macro   0x000035f3       0x1c ./list.o
 .debug_macro   0x0000360f      0x219 ./main.o
 .debug_macro   0x00003828       0x86 ./main.o
 .debug_macro   0x000038ae      0x1d2 ./port.o
 .debug_macro   0x00003a80      0x19e ./queue.o
 .debug_macro   0x00003c1e      0x202 ./tasks.o
 .debug_macro   0x00003e20       0x97 ./tasks.o
 .debug_macro   0x00003eb7       0x10 ./tasks.o
 .debug_macro   0x00003ec7      0x139 ./trcKernelPort.o
 .debug_macro   0x00004000      0x13c ./trcSnapshotRecorder.o
 .debug_macro   0x0000413c       0x16 ./trcSnapshotRecorder.o
 .debug_macro   0x00004152       0x10 ./trcSnapshotRecorder.o
 .debug_macro   0x00004162       0xe8 ./trcSnapshotRecorder.o
 .debug_macro   0x0000424a      0x4a2 ./trcSnapshotRecorder.o
 .debug_macro   0x000046ec       0x48 /home/matiasnavarro/Facultad/2019/Sistemas_Operativos_II/Practicos/CMSISv1p30_LPC17xx/Debug/libCMSISv1p30_LPC17xx.a(core_cm3.o)
 .debug_macro   0x00004734      0x880 /home/matiasnavarro/Facultad/2019/Sistemas_Operativos_II/Practicos/CMSISv1p30_LPC17xx/Debug/libCMSISv1p30_LPC17xx.a(core_cm3.o)
 .debug_macro   0x00004fb4      0x113 /home/matiasnavarro/Facultad/2019/Sistemas_Operativos_II/Practicos/CMSISv1p30_LPC17xx/Debug/libCMSISv1p30_LPC17xx.a(system_LPC17xx.o)

.debug_line     0x00000000     0x4cb8
 .debug_line    0x00000000      0x399 ./basic_io.o
 .debug_line    0x00000399      0x182 ./consoleprint.o
 .debug_line    0x0000051b       0xd1 ./cr_startup_lpc175x_6x.o
 .debug_line    0x000005ec      0x419 ./heap_2.o
 .debug_line    0x00000a05      0x3d6 ./list.o
 .debug_line    0x00000ddb      0x465 ./main.o
 .debug_line    0x00001240      0x544 ./port.o
 .debug_line    0x00001784      0xe0e ./queue.o
 .debug_line    0x00002592     0x1132 ./tasks.o
 .debug_line    0x000036c4      0x4e9 ./trcKernelPort.o
 .debug_line    0x00003bad      0xc67 ./trcSnapshotRecorder.o
 .debug_line    0x00004814      0x29c /home/matiasnavarro/Facultad/2019/Sistemas_Operativos_II/Practicos/CMSISv1p30_LPC17xx/Debug/libCMSISv1p30_LPC17xx.a(core_cm3.o)
 .debug_line    0x00004ab0      0x208 /home/matiasnavarro/Facultad/2019/Sistemas_Operativos_II/Practicos/CMSISv1p30_LPC17xx/Debug/libCMSISv1p30_LPC17xx.a(system_LPC17xx.o)

.debug_str      0x00000000    0x1a38c
 .debug_str     0x00000000    0x14884 ./basic_io.o
                              0x14928 (size before relaxing)
 .debug_str     0x00014884       0x5c ./consoleprint.o
                               0x2ce4 (size before relaxing)
 .debug_str     0x000148e0      0x193 ./cr_startup_lpc175x_6x.o
                               0x2690 (size before relaxing)
 .debug_str     0x00014a73      0x40c ./heap_2.o
                              0x14abb (size before relaxing)
 .debug_str     0x00014e7f      0x121 ./list.o
                              0x142a4 (size before relaxing)
 .debug_str     0x00014fa0      0xe41 ./main.o
                              0x157d4 (size before relaxing)
 .debug_str     0x00015de1      0x708 ./port.o
                              0x14e25 (size before relaxing)
 .debug_str     0x000164e9      0x776 ./queue.o
                              0x15766 (size before relaxing)
 .debug_str     0x00016c5f     0x1b27 ./tasks.o
                              0x165a0 (size before relaxing)
 .debug_str     0x00018786      0x670 ./trcKernelPort.o
                              0x154a2 (size before relaxing)
 .debug_str     0x00018df6      0xf37 ./trcSnapshotRecorder.o
                              0x14de7 (size before relaxing)
 .debug_str     0x00019d2d      0x24b /home/matiasnavarro/Facultad/2019/Sistemas_Operativos_II/Practicos/CMSISv1p30_LPC17xx/Debug/libCMSISv1p30_LPC17xx.a(core_cm3.o)
                               0x3d8d (size before relaxing)
 .debug_str     0x00019f78      0x414 /home/matiasnavarro/Facultad/2019/Sistemas_Operativos_II/Practicos/CMSISv1p30_LPC17xx/Debug/libCMSISv1p30_LPC17xx.a(system_LPC17xx.o)
                               0x7ff9 (size before relaxing)

.comment        0x00000000       0xdc
 .comment       0x00000000       0x6e ./basic_io.o
                                 0x6f (size before relaxing)
 .comment       0x0000006e       0x6f ./consoleprint.o
 .comment       0x0000006e       0x6f ./cr_startup_lpc175x_6x.o
 .comment       0x0000006e       0x6f ./heap_2.o
 .comment       0x0000006e       0x6f ./list.o
 .comment       0x0000006e       0x6f ./main.o
 .comment       0x0000006e       0x6f ./port.o
 .comment       0x0000006e       0x6f ./queue.o
 .comment       0x0000006e       0x6f ./tasks.o
 .comment       0x0000006e       0x6f ./trcKernelPort.o
 .comment       0x0000006e       0x6f ./trcSnapshotRecorder.o
 .comment       0x0000006e       0x6f /home/matiasnavarro/Facultad/2019/Sistemas_Operativos_II/Practicos/CMSISv1p30_LPC17xx/Debug/libCMSISv1p30_LPC17xx.a(core_cm3.o)
 .comment       0x0000006e       0x6f /home/matiasnavarro/Facultad/2019/Sistemas_Operativos_II/Practicos/CMSISv1p30_LPC17xx/Debug/libCMSISv1p30_LPC17xx.a(system_LPC17xx.o)
 .comment       0x0000006e       0x6e /home/matiasnavarro/Facultad/lpcxpresso/tools/bin/../lib/gcc/arm-none-eabi/5.3.1/../../../../arm-none-eabi/lib/armv7-m/libcr_nohost.a(__sys_write.o)
                                 0x6f (size before relaxing)
 .comment       0x000000dc       0x6f /home/matiasnavarro/Facultad/lpcxpresso/tools/bin/../lib/gcc/arm-none-eabi/5.3.1/../../../../arm-none-eabi/lib/armv7-m/libcr_nohost.a(_cr__main.o)
 .comment       0x000000dc       0x6f /home/matiasnavarro/Facultad/lpcxpresso/tools/bin/../lib/gcc/arm-none-eabi/5.3.1/../../../../arm-none-eabi/lib/armv7-m/libcr_c.a(memcpy.o)
 .comment       0x000000dc       0x6f /home/matiasnavarro/Facultad/lpcxpresso/tools/bin/../lib/gcc/arm-none-eabi/5.3.1/../../../../arm-none-eabi/lib/armv7-m/libcr_c.a(memset.o)
 .comment       0x000000dc       0x6f /home/matiasnavarro/Facultad/lpcxpresso/tools/bin/../lib/gcc/arm-none-eabi/5.3.1/../../../../arm-none-eabi/lib/armv7-m/libcr_c.a(fpprintf.o)
 .comment       0x000000dc       0x6f /home/matiasnavarro/Facultad/lpcxpresso/tools/bin/../lib/gcc/arm-none-eabi/5.3.1/../../../../arm-none-eabi/lib/armv7-m/libcr_c.a(initio.o)
 .comment       0x000000dc       0x6f /home/matiasnavarro/Facultad/lpcxpresso/tools/bin/../lib/gcc/arm-none-eabi/5.3.1/../../../../arm-none-eabi/lib/armv7-m/libcr_c.a(printf.o)
 .comment       0x000000dc       0x6f /home/matiasnavarro/Facultad/lpcxpresso/tools/bin/../lib/gcc/arm-none-eabi/5.3.1/../../../../arm-none-eabi/lib/armv7-m/libcr_c.a(setvbuf.o)
 .comment       0x000000dc       0x6f /home/matiasnavarro/Facultad/lpcxpresso/tools/bin/../lib/gcc/arm-none-eabi/5.3.1/../../../../arm-none-eabi/lib/armv7-m/libcr_c.a(stdio.o)
 .comment       0x000000dc       0x6f /home/matiasnavarro/Facultad/lpcxpresso/tools/bin/../lib/gcc/arm-none-eabi/5.3.1/../../../../arm-none-eabi/lib/armv7-m/libcr_c.a(stdlib.o)
 .comment       0x000000dc       0x6f /home/matiasnavarro/Facultad/lpcxpresso/tools/bin/../lib/gcc/arm-none-eabi/5.3.1/../../../../arm-none-eabi/lib/armv7-m/libcr_c.a(strlen.o)
 .comment       0x000000dc       0x6f /home/matiasnavarro/Facultad/lpcxpresso/tools/bin/../lib/gcc/arm-none-eabi/5.3.1/../../../../arm-none-eabi/lib/armv7-m/libcr_c.a(_deferredlazyseek.o)
 .comment       0x000000dc       0x6f /home/matiasnavarro/Facultad/lpcxpresso/tools/bin/../lib/gcc/arm-none-eabi/5.3.1/../../../../arm-none-eabi/lib/armv7-m/libcr_c.a(_fdopen.o)
 .comment       0x000000dc       0x6f /home/matiasnavarro/Facultad/lpcxpresso/tools/bin/../lib/gcc/arm-none-eabi/5.3.1/../../../../arm-none-eabi/lib/armv7-m/libcr_c.a(_fflush.o)
 .comment       0x000000dc       0x6f /home/matiasnavarro/Facultad/lpcxpresso/tools/bin/../lib/gcc/arm-none-eabi/5.3.1/../../../../arm-none-eabi/lib/armv7-m/libcr_c.a(_frexpl.o)
 .comment       0x000000dc       0x6f /home/matiasnavarro/Facultad/lpcxpresso/tools/bin/../lib/gcc/arm-none-eabi/5.3.1/../../../../arm-none-eabi/lib/armv7-m/libcr_c.a(_ldexpl.o)
 .comment       0x000000dc       0x6f /home/matiasnavarro/Facultad/lpcxpresso/tools/bin/../lib/gcc/arm-none-eabi/5.3.1/../../../../arm-none-eabi/lib/armv7-m/libcr_c.a(_writebuf.o)
 .comment       0x000000dc       0x6f /home/matiasnavarro/Facultad/lpcxpresso/tools/bin/../lib/gcc/arm-none-eabi/5.3.1/../../../../arm-none-eabi/lib/armv7-m/libcr_c.a(alloc.o)
 .comment       0x000000dc       0x6f /home/matiasnavarro/Facultad/lpcxpresso/tools/bin/../lib/gcc/arm-none-eabi/5.3.1/../../../../arm-none-eabi/lib/armv7-m/libcr_c.a(errno.o)
 .comment       0x000000dc       0x6f /home/matiasnavarro/Facultad/lpcxpresso/tools/bin/../lib/gcc/arm-none-eabi/5.3.1/../../../../arm-none-eabi/lib/armv7-m/libcr_c.a(fclose.o)
 .comment       0x000000dc       0x6f /home/matiasnavarro/Facultad/lpcxpresso/tools/bin/../lib/gcc/arm-none-eabi/5.3.1/../../../../arm-none-eabi/lib/armv7-m/libcr_c.a(fflush.o)
 .comment       0x000000dc       0x6f /home/matiasnavarro/Facultad/lpcxpresso/tools/bin/../lib/gcc/arm-none-eabi/5.3.1/../../../../arm-none-eabi/lib/armv7-m/libcr_c.a(fseek.o)
 .comment       0x000000dc       0x6f /home/matiasnavarro/Facultad/lpcxpresso/tools/bin/../lib/gcc/arm-none-eabi/5.3.1/../../../../arm-none-eabi/lib/armv7-m/libcr_c.a(ftell.o)
 .comment       0x000000dc       0x6f /home/matiasnavarro/Facultad/lpcxpresso/tools/bin/../lib/gcc/arm-none-eabi/5.3.1/../../../../arm-none-eabi/lib/armv7-m/libcr_c.a(remove.o)
 .comment       0x000000dc       0x6f /home/matiasnavarro/Facultad/lpcxpresso/tools/bin/../lib/gcc/arm-none-eabi/5.3.1/../../../../arm-none-eabi/lib/armv7-m/libcr_c.a(__init_alloc.o)
 .comment       0x000000dc       0x6f /home/matiasnavarro/Facultad/lpcxpresso/tools/bin/../lib/gcc/arm-none-eabi/5.3.1/../../../../arm-none-eabi/lib/armv7-m/libcr_c.a(_cr_sbrk.o)
 .comment       0x000000dc       0x6f /home/matiasnavarro/Facultad/lpcxpresso/tools/bin/../lib/gcc/arm-none-eabi/5.3.1/../../../../arm-none-eabi/lib/armv7-m/libcr_c.a(_do_fflush.o)
 .comment       0x000000dc       0x6f /home/matiasnavarro/Facultad/lpcxpresso/tools/bin/../lib/gcc/arm-none-eabi/5.3.1/../../../../arm-none-eabi/lib/armv7-m/libcr_c.a(_hugeval.o)
 .comment       0x000000dc       0x6f /home/matiasnavarro/Facultad/lpcxpresso/tools/bin/../lib/gcc/arm-none-eabi/5.3.1/../../../../arm-none-eabi/lib/armv7-m/libcr_c.a(_cr_check_heap.o)
 .comment       0x000000dc       0x6f /home/matiasnavarro/Facultad/lpcxpresso/tools/bin/../lib/gcc/arm-none-eabi/5.3.1/armv7-m/libcr_eabihelpers.a(double.o)
 .comment       0x000000dc       0x6f /home/matiasnavarro/Facultad/lpcxpresso/tools/bin/../lib/gcc/arm-none-eabi/5.3.1/../../../../arm-none-eabi/lib/armv7-m/libcr_nohost.a(__sys_appexit.o)
 .comment       0x000000dc       0x6f /home/matiasnavarro/Facultad/lpcxpresso/tools/bin/../lib/gcc/arm-none-eabi/5.3.1/../../../../arm-none-eabi/lib/armv7-m/libcr_nohost.a(__sys_close.o)
 .comment       0x000000dc       0x6f /home/matiasnavarro/Facultad/lpcxpresso/tools/bin/../lib/gcc/arm-none-eabi/5.3.1/../../../../arm-none-eabi/lib/armv7-m/libcr_nohost.a(__sys_flen.o)
 .comment       0x000000dc       0x6f /home/matiasnavarro/Facultad/lpcxpresso/tools/bin/../lib/gcc/arm-none-eabi/5.3.1/../../../../arm-none-eabi/lib/armv7-m/libcr_nohost.a(__sys_istty.o)
 .comment       0x000000dc       0x6f /home/matiasnavarro/Facultad/lpcxpresso/tools/bin/../lib/gcc/arm-none-eabi/5.3.1/../../../../arm-none-eabi/lib/armv7-m/libcr_nohost.a(__sys_remove.o)
 .comment       0x000000dc       0x6f /home/matiasnavarro/Facultad/lpcxpresso/tools/bin/../lib/gcc/arm-none-eabi/5.3.1/../../../../arm-none-eabi/lib/armv7-m/libcr_nohost.a(__sys_seek.o)
 .comment       0x000000dc       0x6f /home/matiasnavarro/Facultad/lpcxpresso/tools/bin/../lib/gcc/arm-none-eabi/5.3.1/../../../../arm-none-eabi/lib/armv7-m/libcr_nohost.a(__sys_tmpnam.o)

.ARM.attributes
                0x00000000       0x31
 .ARM.attributes
                0x00000000       0x33 ./basic_io.o
 .ARM.attributes
                0x00000033       0x33 ./consoleprint.o
 .ARM.attributes
                0x00000066       0x33 ./cr_startup_lpc175x_6x.o
 .ARM.attributes
                0x00000099       0x33 ./heap_2.o
 .ARM.attributes
                0x000000cc       0x33 ./list.o
 .ARM.attributes
                0x000000ff       0x33 ./main.o
 .ARM.attributes
                0x00000132       0x33 ./port.o
 .ARM.attributes
                0x00000165       0x33 ./queue.o
 .ARM.attributes
                0x00000198       0x33 ./tasks.o
 .ARM.attributes
                0x000001cb       0x33 ./trcKernelPort.o
 .ARM.attributes
                0x000001fe       0x33 ./trcSnapshotRecorder.o
 .ARM.attributes
                0x00000231       0x33 /home/matiasnavarro/Facultad/2019/Sistemas_Operativos_II/Practicos/CMSISv1p30_LPC17xx/Debug/libCMSISv1p30_LPC17xx.a(core_cm3.o)
 .ARM.attributes
                0x00000264       0x33 /home/matiasnavarro/Facultad/2019/Sistemas_Operativos_II/Practicos/CMSISv1p30_LPC17xx/Debug/libCMSISv1p30_LPC17xx.a(system_LPC17xx.o)
 .ARM.attributes
                0x00000297       0x33 /home/matiasnavarro/Facultad/lpcxpresso/tools/bin/../lib/gcc/arm-none-eabi/5.3.1/../../../../arm-none-eabi/lib/armv7-m/libcr_nohost.a(__sys_write.o)
 .ARM.attributes
                0x000002ca       0x33 /home/matiasnavarro/Facultad/lpcxpresso/tools/bin/../lib/gcc/arm-none-eabi/5.3.1/../../../../arm-none-eabi/lib/armv7-m/libcr_nohost.a(_cr__main.o)
 .ARM.attributes
                0x000002fd       0x33 /home/matiasnavarro/Facultad/lpcxpresso/tools/bin/../lib/gcc/arm-none-eabi/5.3.1/../../../../arm-none-eabi/lib/armv7-m/libcr_c.a(memcpy.o)
 .ARM.attributes
                0x00000330       0x33 /home/matiasnavarro/Facultad/lpcxpresso/tools/bin/../lib/gcc/arm-none-eabi/5.3.1/../../../../arm-none-eabi/lib/armv7-m/libcr_c.a(memset.o)
 .ARM.attributes
                0x00000363       0x33 /home/matiasnavarro/Facultad/lpcxpresso/tools/bin/../lib/gcc/arm-none-eabi/5.3.1/../../../../arm-none-eabi/lib/armv7-m/libcr_c.a(fpprintf.o)
 .ARM.attributes
                0x00000396       0x33 /home/matiasnavarro/Facultad/lpcxpresso/tools/bin/../lib/gcc/arm-none-eabi/5.3.1/../../../../arm-none-eabi/lib/armv7-m/libcr_c.a(initio.o)
 .ARM.attributes
                0x000003c9       0x33 /home/matiasnavarro/Facultad/lpcxpresso/tools/bin/../lib/gcc/arm-none-eabi/5.3.1/../../../../arm-none-eabi/lib/armv7-m/libcr_c.a(printf.o)
 .ARM.attributes
                0x000003fc       0x33 /home/matiasnavarro/Facultad/lpcxpresso/tools/bin/../lib/gcc/arm-none-eabi/5.3.1/../../../../arm-none-eabi/lib/armv7-m/libcr_c.a(setvbuf.o)
 .ARM.attributes
                0x0000042f       0x33 /home/matiasnavarro/Facultad/lpcxpresso/tools/bin/../lib/gcc/arm-none-eabi/5.3.1/../../../../arm-none-eabi/lib/armv7-m/libcr_c.a(stdio.o)
 .ARM.attributes
                0x00000462       0x33 /home/matiasnavarro/Facultad/lpcxpresso/tools/bin/../lib/gcc/arm-none-eabi/5.3.1/../../../../arm-none-eabi/lib/armv7-m/libcr_c.a(stdlib.o)
 .ARM.attributes
                0x00000495       0x33 /home/matiasnavarro/Facultad/lpcxpresso/tools/bin/../lib/gcc/arm-none-eabi/5.3.1/../../../../arm-none-eabi/lib/armv7-m/libcr_c.a(strlen.o)
 .ARM.attributes
                0x000004c8       0x33 /home/matiasnavarro/Facultad/lpcxpresso/tools/bin/../lib/gcc/arm-none-eabi/5.3.1/../../../../arm-none-eabi/lib/armv7-m/libcr_c.a(_deferredlazyseek.o)
 .ARM.attributes
                0x000004fb       0x33 /home/matiasnavarro/Facultad/lpcxpresso/tools/bin/../lib/gcc/arm-none-eabi/5.3.1/../../../../arm-none-eabi/lib/armv7-m/libcr_c.a(_fdopen.o)
 .ARM.attributes
                0x0000052e       0x33 /home/matiasnavarro/Facultad/lpcxpresso/tools/bin/../lib/gcc/arm-none-eabi/5.3.1/../../../../arm-none-eabi/lib/armv7-m/libcr_c.a(_fflush.o)
 .ARM.attributes
                0x00000561       0x33 /home/matiasnavarro/Facultad/lpcxpresso/tools/bin/../lib/gcc/arm-none-eabi/5.3.1/../../../../arm-none-eabi/lib/armv7-m/libcr_c.a(_frexpl.o)
 .ARM.attributes
                0x00000594       0x33 /home/matiasnavarro/Facultad/lpcxpresso/tools/bin/../lib/gcc/arm-none-eabi/5.3.1/../../../../arm-none-eabi/lib/armv7-m/libcr_c.a(_ldexpl.o)
 .ARM.attributes
                0x000005c7       0x33 /home/matiasnavarro/Facultad/lpcxpresso/tools/bin/../lib/gcc/arm-none-eabi/5.3.1/../../../../arm-none-eabi/lib/armv7-m/libcr_c.a(_writebuf.o)
 .ARM.attributes
                0x000005fa       0x33 /home/matiasnavarro/Facultad/lpcxpresso/tools/bin/../lib/gcc/arm-none-eabi/5.3.1/../../../../arm-none-eabi/lib/armv7-m/libcr_c.a(alloc.o)
 .ARM.attributes
                0x0000062d       0x33 /home/matiasnavarro/Facultad/lpcxpresso/tools/bin/../lib/gcc/arm-none-eabi/5.3.1/../../../../arm-none-eabi/lib/armv7-m/libcr_c.a(errno.o)
 .ARM.attributes
                0x00000660       0x33 /home/matiasnavarro/Facultad/lpcxpresso/tools/bin/../lib/gcc/arm-none-eabi/5.3.1/../../../../arm-none-eabi/lib/armv7-m/libcr_c.a(fclose.o)
 .ARM.attributes
                0x00000693       0x33 /home/matiasnavarro/Facultad/lpcxpresso/tools/bin/../lib/gcc/arm-none-eabi/5.3.1/../../../../arm-none-eabi/lib/armv7-m/libcr_c.a(fflush.o)
 .ARM.attributes
                0x000006c6       0x33 /home/matiasnavarro/Facultad/lpcxpresso/tools/bin/../lib/gcc/arm-none-eabi/5.3.1/../../../../arm-none-eabi/lib/armv7-m/libcr_c.a(fseek.o)
 .ARM.attributes
                0x000006f9       0x33 /home/matiasnavarro/Facultad/lpcxpresso/tools/bin/../lib/gcc/arm-none-eabi/5.3.1/../../../../arm-none-eabi/lib/armv7-m/libcr_c.a(ftell.o)
 .ARM.attributes
                0x0000072c       0x33 /home/matiasnavarro/Facultad/lpcxpresso/tools/bin/../lib/gcc/arm-none-eabi/5.3.1/../../../../arm-none-eabi/lib/armv7-m/libcr_c.a(remove.o)
 .ARM.attributes
                0x0000075f       0x33 /home/matiasnavarro/Facultad/lpcxpresso/tools/bin/../lib/gcc/arm-none-eabi/5.3.1/../../../../arm-none-eabi/lib/armv7-m/libcr_c.a(__init_alloc.o)
 .ARM.attributes
                0x00000792       0x33 /home/matiasnavarro/Facultad/lpcxpresso/tools/bin/../lib/gcc/arm-none-eabi/5.3.1/../../../../arm-none-eabi/lib/armv7-m/libcr_c.a(_cr_sbrk.o)
 .ARM.attributes
                0x000007c5       0x33 /home/matiasnavarro/Facultad/lpcxpresso/tools/bin/../lib/gcc/arm-none-eabi/5.3.1/../../../../arm-none-eabi/lib/armv7-m/libcr_c.a(_do_fflush.o)
 .ARM.attributes
                0x000007f8       0x33 /home/matiasnavarro/Facultad/lpcxpresso/tools/bin/../lib/gcc/arm-none-eabi/5.3.1/../../../../arm-none-eabi/lib/armv7-m/libcr_c.a(_hugeval.o)
 .ARM.attributes
                0x0000082b       0x33 /home/matiasnavarro/Facultad/lpcxpresso/tools/bin/../lib/gcc/arm-none-eabi/5.3.1/../../../../arm-none-eabi/lib/armv7-m/libcr_c.a(_cr_check_heap.o)
 .ARM.attributes
                0x0000085e       0x33 /home/matiasnavarro/Facultad/lpcxpresso/tools/bin/../lib/gcc/arm-none-eabi/5.3.1/armv7-m/libcr_eabihelpers.a(double.o)
 .ARM.attributes
                0x00000891       0x21 /home/matiasnavarro/Facultad/lpcxpresso/tools/bin/../lib/gcc/arm-none-eabi/5.3.1/armv7-m/libcr_eabihelpers.a(memcpy.o)
 .ARM.attributes
                0x000008b2       0x33 /home/matiasnavarro/Facultad/lpcxpresso/tools/bin/../lib/gcc/arm-none-eabi/5.3.1/../../../../arm-none-eabi/lib/armv7-m/libcr_nohost.a(__sys_appexit.o)
 .ARM.attributes
                0x000008e5       0x33 /home/matiasnavarro/Facultad/lpcxpresso/tools/bin/../lib/gcc/arm-none-eabi/5.3.1/../../../../arm-none-eabi/lib/armv7-m/libcr_nohost.a(__sys_close.o)
 .ARM.attributes
                0x00000918       0x33 /home/matiasnavarro/Facultad/lpcxpresso/tools/bin/../lib/gcc/arm-none-eabi/5.3.1/../../../../arm-none-eabi/lib/armv7-m/libcr_nohost.a(__sys_flen.o)
 .ARM.attributes
                0x0000094b       0x33 /home/matiasnavarro/Facultad/lpcxpresso/tools/bin/../lib/gcc/arm-none-eabi/5.3.1/../../../../arm-none-eabi/lib/armv7-m/libcr_nohost.a(__sys_istty.o)
 .ARM.attributes
                0x0000097e       0x33 /home/matiasnavarro/Facultad/lpcxpresso/tools/bin/../lib/gcc/arm-none-eabi/5.3.1/../../../../arm-none-eabi/lib/armv7-m/libcr_nohost.a(__sys_remove.o)
 .ARM.attributes
                0x000009b1       0x33 /home/matiasnavarro/Facultad/lpcxpresso/tools/bin/../lib/gcc/arm-none-eabi/5.3.1/../../../../arm-none-eabi/lib/armv7-m/libcr_nohost.a(__sys_seek.o)
 .ARM.attributes
                0x000009e4       0x33 /home/matiasnavarro/Facultad/lpcxpresso/tools/bin/../lib/gcc/arm-none-eabi/5.3.1/../../../../arm-none-eabi/lib/armv7-m/libcr_nohost.a(__sys_tmpnam.o)

.debug_frame    0x00000000     0x2120
 .debug_frame   0x00000000       0x58 ./basic_io.o
 .debug_frame   0x00000058       0x34 ./consoleprint.o
 .debug_frame   0x0000008c      0x170 ./cr_startup_lpc175x_6x.o
 .debug_frame   0x000001fc       0xc0 ./heap_2.o
 .debug_frame   0x000002bc       0xd8 ./list.o
 .debug_frame   0x00000394       0xf4 ./main.o
 .debug_frame   0x00000488      0x198 ./port.o
 .debug_frame   0x00000620      0x478 ./queue.o
 .debug_frame   0x00000a98      0x83c ./tasks.o
 .debug_frame   0x000012d4      0x284 ./trcKernelPort.o
 .debug_frame   0x00001558      0x858 ./trcSnapshotRecorder.o
 .debug_frame   0x00001db0      0x320 /home/matiasnavarro/Facultad/2019/Sistemas_Operativos_II/Practicos/CMSISv1p30_LPC17xx/Debug/libCMSISv1p30_LPC17xx.a(core_cm3.o)
 .debug_frame   0x000020d0       0x50 /home/matiasnavarro/Facultad/2019/Sistemas_Operativos_II/Practicos/CMSISv1p30_LPC17xx/Debug/libCMSISv1p30_LPC17xx.a(system_LPC17xx.o)
