Archive member included to satisfy reference by file (symbol)

/usr/local/lpcxpresso_8.2.2_650/lpcxpresso/tools/bin/../lib/gcc/arm-none-eabi/5.4.1/../../../../arm-none-eabi/lib/armv7-m/libcr_c.a(memcpy.o)
                              ./src/queue.o (memcpy)
/usr/local/lpcxpresso_8.2.2_650/lpcxpresso/tools/bin/../lib/gcc/arm-none-eabi/5.4.1/../../../../arm-none-eabi/lib/armv7-m/libcr_c.a(memset.o)
                              ./src/tasks.o (memset)
/usr/local/lpcxpresso_8.2.2_650/lpcxpresso/tools/bin/../lib/gcc/arm-none-eabi/5.4.1/../../../../arm-none-eabi/lib/armv7-m/libcr_c.a(__weak__main.o)
                              ./src/cr_startup_lpc175x_6x.o (__main)
/usr/local/lpcxpresso_8.2.2_650/lpcxpresso/tools/bin/../lib/gcc/arm-none-eabi/5.4.1/../../../../arm-none-eabi/lib/armv7-m/libcr_c.a(stdlib.o)
                              ./src/main.o (rand)
/usr/local/lpcxpresso_8.2.2_650/lpcxpresso/tools/bin/../lib/gcc/arm-none-eabi/5.4.1/../../../../arm-none-eabi/lib/armv7-m/libcr_c.a(strncmp.o)
                              ./src/trcSnapshotRecorder.o (strncmp)
/usr/local/lpcxpresso_8.2.2_650/lpcxpresso/tools/bin/../lib/gcc/arm-none-eabi/5.4.1/../../../../arm-none-eabi/lib/armv7-m/libcr_c.a(initio.o)
                              /usr/local/lpcxpresso_8.2.2_650/lpcxpresso/tools/bin/../lib/gcc/arm-none-eabi/5.4.1/../../../../arm-none-eabi/lib/armv7-m/libcr_c.a(stdlib.o) (_terminateio)
/usr/local/lpcxpresso_8.2.2_650/lpcxpresso/tools/bin/../lib/gcc/arm-none-eabi/5.4.1/../../../../arm-none-eabi/lib/armv7-m/libcr_c.a(raise.o)
                              /usr/local/lpcxpresso_8.2.2_650/lpcxpresso/tools/bin/../lib/gcc/arm-none-eabi/5.4.1/../../../../arm-none-eabi/lib/armv7-m/libcr_c.a(stdlib.o) (raise)
/usr/local/lpcxpresso_8.2.2_650/lpcxpresso/tools/bin/../lib/gcc/arm-none-eabi/5.4.1/../../../../arm-none-eabi/lib/armv7-m/libcr_c.a(setvbuf.o)
                              /usr/local/lpcxpresso_8.2.2_650/lpcxpresso/tools/bin/../lib/gcc/arm-none-eabi/5.4.1/../../../../arm-none-eabi/lib/armv7-m/libcr_c.a(initio.o) (setvbuf)
/usr/local/lpcxpresso_8.2.2_650/lpcxpresso/tools/bin/../lib/gcc/arm-none-eabi/5.4.1/../../../../arm-none-eabi/lib/armv7-m/libcr_c.a(stdio.o)
                              /usr/local/lpcxpresso_8.2.2_650/lpcxpresso/tools/bin/../lib/gcc/arm-none-eabi/5.4.1/../../../../arm-none-eabi/lib/armv7-m/libcr_c.a(initio.o) (__Ciob)
/usr/local/lpcxpresso_8.2.2_650/lpcxpresso/tools/bin/../lib/gcc/arm-none-eabi/5.4.1/../../../../arm-none-eabi/lib/armv7-m/libcr_c.a(__fillbuf.o)
                              /usr/local/lpcxpresso_8.2.2_650/lpcxpresso/tools/bin/../lib/gcc/arm-none-eabi/5.4.1/../../../../arm-none-eabi/lib/armv7-m/libcr_c.a(stdio.o) (__filbuf)
/usr/local/lpcxpresso_8.2.2_650/lpcxpresso/tools/bin/../lib/gcc/arm-none-eabi/5.4.1/../../../../arm-none-eabi/lib/armv7-m/libcr_c.a(_deferredlazyseek.o)
                              /usr/local/lpcxpresso_8.2.2_650/lpcxpresso/tools/bin/../lib/gcc/arm-none-eabi/5.4.1/../../../../arm-none-eabi/lib/armv7-m/libcr_c.a(__fillbuf.o) (_deferredlazyseek)
/usr/local/lpcxpresso_8.2.2_650/lpcxpresso/tools/bin/../lib/gcc/arm-none-eabi/5.4.1/../../../../arm-none-eabi/lib/armv7-m/libcr_c.a(_fdopen.o)
                              /usr/local/lpcxpresso_8.2.2_650/lpcxpresso/tools/bin/../lib/gcc/arm-none-eabi/5.4.1/../../../../arm-none-eabi/lib/armv7-m/libcr_c.a(initio.o) (_fdopen)
/usr/local/lpcxpresso_8.2.2_650/lpcxpresso/tools/bin/../lib/gcc/arm-none-eabi/5.4.1/../../../../arm-none-eabi/lib/armv7-m/libcr_c.a(_fflush.o)
                              /usr/local/lpcxpresso_8.2.2_650/lpcxpresso/tools/bin/../lib/gcc/arm-none-eabi/5.4.1/../../../../arm-none-eabi/lib/armv7-m/libcr_c.a(__fillbuf.o) (_fflush)
/usr/local/lpcxpresso_8.2.2_650/lpcxpresso/tools/bin/../lib/gcc/arm-none-eabi/5.4.1/../../../../arm-none-eabi/lib/armv7-m/libcr_c.a(_writebuf.o)
                              /usr/local/lpcxpresso_8.2.2_650/lpcxpresso/tools/bin/../lib/gcc/arm-none-eabi/5.4.1/../../../../arm-none-eabi/lib/armv7-m/libcr_c.a(_deferredlazyseek.o) (_Cwritebuf)
/usr/local/lpcxpresso_8.2.2_650/lpcxpresso/tools/bin/../lib/gcc/arm-none-eabi/5.4.1/../../../../arm-none-eabi/lib/armv7-m/libcr_c.a(alloc.o)
                              /usr/local/lpcxpresso_8.2.2_650/lpcxpresso/tools/bin/../lib/gcc/arm-none-eabi/5.4.1/../../../../arm-none-eabi/lib/armv7-m/libcr_c.a(initio.o) (_Csys_alloc)
/usr/local/lpcxpresso_8.2.2_650/lpcxpresso/tools/bin/../lib/gcc/arm-none-eabi/5.4.1/../../../../arm-none-eabi/lib/armv7-m/libcr_c.a(fclose.o)
                              /usr/local/lpcxpresso_8.2.2_650/lpcxpresso/tools/bin/../lib/gcc/arm-none-eabi/5.4.1/../../../../arm-none-eabi/lib/armv7-m/libcr_c.a(initio.o) (fclose)
/usr/local/lpcxpresso_8.2.2_650/lpcxpresso/tools/bin/../lib/gcc/arm-none-eabi/5.4.1/../../../../arm-none-eabi/lib/armv7-m/libcr_c.a(fflush.o)
[...]
Memory Configuration

Name             Origin             Length             Attributes
MFlash512        0x00000000         0x00080000         xr
RamLoc32         0x10000000         0x00008000         xrw
RamAHB32         0x2007c000         0x00008000         xrw
*default*        0x00000000         0xffffffff

Linker script and memory map

LOAD ./src/cr_startup_lpc175x_6x.o
LOAD ./src/crp.o
LOAD ./src/heap_2.o
LOAD ./src/list.o
LOAD ./src/main.o
LOAD ./src/port.o
LOAD ./src/queue.o
LOAD ./src/tasks.o
LOAD ./src/trcKernelPort.o
LOAD ./src/trcSnapshotRecorder.o
LOAD ./src/trcStreamingRecorder.o
START GROUP
LOAD /usr/local/lpcxpresso_8.2.2_650/lpcxpresso/tools/bin/../lib/gcc/arm-none-eabi/5.4.1/../../../../arm-none-eabi/lib/armv7-m/libcr_c.a
LOAD /usr/local/lpcxpresso_8.2.2_650/lpcxpresso/tools/bin/../lib/gcc/arm-none-eabi/5.4.1/armv7-m/libcr_eabihelpers.a
END GROUP
                0x00000000                __base_MFlash512 = 0x0
                0x00000000                __base_Flash = 0x0
                0x00080000                __top_MFlash512 = 0x80000
                0x00080000                __top_Flash = 0x80000
                0x10000000                __base_RamLoc32 = 0x10000000
                0x10000000                __base_RAM = 0x10000000
                0x10008000                __top_RamLoc32 = 0x10008000
                0x10008000                __top_RAM = 0x10008000
                0x2007c000                __base_RamAHB32 = 0x2007c000
                0x2007c000                __base_RAM2 = 0x2007c000
                0x20084000                __top_RamAHB32 = 0x20084000
                0x20084000                __top_RAM2 = 0x20084000

.text           0x00000000     0x5528
 FILL mask 0xff
                0x00000000                __vectors_start__ = ABSOLUTE (.)
 *(.isr_vector)
 .isr_vector    0x00000000       0xcc ./src/cr_startup_lpc175x_6x.o
                0x00000000                g_pfnVectors
                0x000000cc                . = ALIGN (0x4)
                0x000000cc                __section_table_start = .
                0x000000cc                __data_section_table = .
                0x000000cc        0x4 LONG 0x5528 LOADADDR (.data)
                0x000000d0        0x4 LONG 0x10000000 ADDR (.data)
                0x000000d4        0x4 LONG 0xf8 SIZEOF (.data)
                0x000000d8        0x4 LONG 0x5528 LOADADDR (.data_RAM2)
                0x000000dc        0x4 LONG 0x2007c000 ADDR (.data_RAM2)
                0x000000e0        0x4 LONG 0x0 SIZEOF (.data_RAM2)
                0x000000e4                __data_section_table_end = .
                0x000000e4                __bss_section_table = .
                0x000000e4        0x4 LONG 0x100000f8 ADDR (.bss)
                0x000000e8        0x4 LONG 0x7038 SIZEOF (.bss)
                0x000000ec        0x4 LONG 0x2007c000 ADDR (.bss_RAM2)
                0x000000f0        0x4 LONG 0x0 SIZEOF (.bss_RAM2)
                0x000000f4                __bss_section_table_end = .
                0x000000f4                __section_table_end = .
 *(.after_vectors*)
 .after_vectors
                0x000000f4      0x140 ./src/cr_startup_lpc175x_6x.o
                0x000000f4                data_init
                0x00000138                bss_init
                0x00000170                ResetISR
                0x000001e4                NMI_Handler
                0x000001ec                HardFault_Handler
                0x000001f4                MemManage_Handler
                0x000001fc                BusFault_Handler
                0x00000204                UsageFault_Handler
                0x00000214                DebugMon_Handler
                0x0000022c                TIMER2_IRQHandler
                0x0000022c                RIT_IRQHandler
                0x0000022c                I2C0_IRQHandler
                0x0000022c                USBActivity_IRQHandler
                0x0000022c                PWM1_IRQHandler
                0x0000022c                I2C1_IRQHandler
                0x0000022c                EINT2_IRQHandler
                0x0000022c                UART1_IRQHandler
                0x0000022c                EINT3_IRQHandler
                0x0000022c                CANActivity_IRQHandler
                0x0000022c                TIMER3_IRQHandler
                0x0000022c                UART0_IRQHandler
                0x0000022c                IntDefaultHandler
                0x0000022c                PLL0_IRQHandler
                0x0000022c                CAN_IRQHandler
                0x0000022c                PLL1_IRQHandler
                0x0000022c                SSP0_IRQHandler
                0x0000022c                I2S_IRQHandler
                0x0000022c                I2C2_IRQHandler
                0x0000022c                RTC_IRQHandler
                0x0000022c                TIMER0_IRQHandler
                0x0000022c                SPI_IRQHandler
                0x0000022c                EINT1_IRQHandler
                0x0000022c                TIMER1_IRQHandler
                0x0000022c                UART2_IRQHandler
                0x0000022c                ADC_IRQHandler
                0x0000022c                SSP1_IRQHandler
                0x0000022c                USB_IRQHandler
                0x0000022c                BOD_IRQHandler
                0x0000022c                WDT_IRQHandler
                0x0000022c                QEI_IRQHandler
                0x0000022c                EINT0_IRQHandler
                0x0000022c                DMA_IRQHandler
                0x0000022c                UART3_IRQHandler
                0x0000022c                MCPWM_IRQHandler
                0x0000022c                ENET_IRQHandler
                0x000002fc                . = 0x2fc
 *fill*         0x00000234       0xc8 ff
                0x000002fc                PROVIDE (__CRP_WORD_START__, .)
 *(.crp)
 .crp           0x000002fc        0x4 ./src/crp.o
                0x000002fc                CRP_WORD
                0x00000300                PROVIDE (__CRP_WORD_END__, .)
                0x00000001                ASSERT (! ((__CRP_WORD_START__ == __CRP_WORD_END__)), Linker CRP Enabled, but no CRP_WORD provided within application)
 *(.text*)
 .text.pvPortMalloc
                0x00000300      0x11c ./src/heap_2.o
                0x00000300                pvPortMalloc
 .text.vPortFree
                0x0000041c       0x74 ./src/heap_2.o
                0x0000041c                vPortFree
 .text.prvHeapInit
                0x00000490       0x50 ./src/heap_2.o
 .text.vListInitialise
                0x000004e0       0x40 ./src/list.o
                0x000004e0                vListInitialise
 .text.vListInitialiseItem
                0x00000520       0x18 ./src/list.o
                0x00000520                vListInitialiseItem
 .text.vListInsertEnd
                0x00000538       0x48 ./src/list.o
                0x00000538                vListInsertEnd
 .text.vListInsert
                0x00000580       0x70 ./src/list.o
                0x00000580                vListInsert
 .text.uxListRemove
                0x000005f0       0x54 ./src/list.o
                0x000005f0                uxListRemove
 .text.main     0x00000644       0xb4 ./src/main.o
                0x00000644                main
 .text.prvTaskTemp
                0x000006f8       0x6c ./src/main.o
 .text.prvTaskStr
                0x00000764       0xc0 ./src/main.o
 .text.prvTaskTx
                0x00000824      0x170 ./src/main.o
 .text.configUART
                0x00000994       0xb4 ./src/main.o
                0x00000994                configUART
 .text.pxPortInitialiseStack
                0x00000a48       0x58 ./src/port.o
                0x00000a48                pxPortInitialiseStack
 .text.prvTaskExitError
                0x00000aa0       0x50 ./src/port.o
 .text.SVC_Handler
                0x00000af0       0x28 ./src/port.o
                0x00000af0                SVC_Handler
 .text.prvPortStartFirstTask
                0x00000b18       0x20 ./src/port.o
 .text.xPortStartScheduler
                0x00000b38      0x100 ./src/port.o
                0x00000b38                xPortStartScheduler
 .text.vPortEnterCritical
                0x00000c38       0x5c ./src/port.o
                0x00000c38                vPortEnterCritical
 .text.vPortExitCritical
                0x00000c94       0x4c ./src/port.o
                0x00000c94                vPortExitCritical
 .text.PendSV_Handler
                0x00000ce0       0x48 ./src/port.o
                0x00000ce0                PendSV_Handler
 .text.SysTick_Handler
                0x00000d28       0x40 ./src/port.o
                0x00000d28                SysTick_Handler
 .text.vPortSetupTimerInterrupt
                0x00000d68       0x34 ./src/port.o
                0x00000d68                vPortSetupTimerInterrupt
 .text.xQueueGenericReset
                0x00000d9c       0xd0 ./src/queue.o
                0x00000d9c                xQueueGenericReset
 .text.xQueueGenericCreate
                0x00000e6c       0xb0 ./src/queue.o
                0x00000e6c                xQueueGenericCreate
 .text.prvInitialiseNewQueue
                0x00000f1c      0x128 ./src/queue.o
 .text.xQueueGenericSend
                0x00001044      0x414 ./src/queue.o
                0x00001044                xQueueGenericSend
 .text.xQueueReceive
                0x00001458      0x404 ./src/queue.o
                0x00001458                xQueueReceive
 .text.uxQueueGetQueueNumber
                0x0000185c       0x18 ./src/queue.o
                0x0000185c                uxQueueGetQueueNumber
 .text.vQueueSetQueueNumber
                0x00001874       0x1c ./src/queue.o
                0x00001874                vQueueSetQueueNumber
 .text.ucQueueGetQueueType
                0x00001890       0x18 ./src/queue.o
                0x00001890                ucQueueGetQueueType
 .text.prvCopyDataToQueue
                0x000018a8       0xd4 ./src/queue.o
 .text.prvCopyDataFromQueue
                0x0000197c       0x4c ./src/queue.o
 .text.prvUnlockQueue
                0x000019c8       0xa4 ./src/queue.o
 .text.prvIsQueueEmpty
                0x00001a6c       0x2c ./src/queue.o
 .text.prvIsQueueFull
                0x00001a98       0x30 ./src/queue.o
 .text.xTaskCreate
                0x00001ac8       0x84 ./src/tasks.o
                0x00001ac8                xTaskCreate
 .text.prvInitialiseNewTask
                0x00001b4c      0x10c ./src/tasks.o
 .text.prvAddNewTaskToReadyList
                0x00001c58      0x17c ./src/tasks.o
 .text.vTaskDelay
                0x00001dd4       0xd8 ./src/tasks.o
                0x00001dd4                vTaskDelay
 .text.vTaskStartScheduler
                0x00001eac       0x8c ./src/tasks.o
                0x00001eac                vTaskStartScheduler
 .text.vTaskSuspendAll
                0x00001f38       0x1c ./src/tasks.o
                0x00001f38                vTaskSuspendAll
 .text.xTaskResumeAll
                0x00001f54      0x138 ./src/tasks.o
                0x00001f54                xTaskResumeAll
 .text.xTaskIncrementTick
                0x0000208c      0x198 ./src/tasks.o
                0x0000208c                xTaskIncrementTick
 .text.vTaskSwitchContext
                0x00002224       0xe8 ./src/tasks.o
                0x00002224                vTaskSwitchContext
 .text.vTaskPlaceOnEventList
                0x0000230c       0x48 ./src/tasks.o
                0x0000230c                vTaskPlaceOnEventList
 .text.xTaskRemoveFromEventList
                0x00002354       0xc4 ./src/tasks.o
                0x00002354                xTaskRemoveFromEventList
 .text.vTaskInternalSetTimeOutState
                0x00002418       0x2c ./src/tasks.o
                0x00002418                vTaskInternalSetTimeOutState
 .text.xTaskCheckForTimeOut
                0x00002444       0xc0 ./src/tasks.o
                0x00002444                xTaskCheckForTimeOut
 .text.vTaskMissedYield
                0x00002504       0x18 ./src/tasks.o
                0x00002504                vTaskMissedYield
 .text.uxTaskGetTaskNumber
                0x0000251c       0x2c ./src/tasks.o
                0x0000251c                uxTaskGetTaskNumber
 .text.vTaskSetTaskNumber
                0x00002548       0x24 ./src/tasks.o
                0x00002548                vTaskSetTaskNumber
 .text.prvIdleTask
                0x0000256c       0x10 ./src/tasks.o
 .text.prvInitialiseTaskLists
                0x0000257c       0x80 ./src/tasks.o
 .text.prvCheckTasksWaitingTermination
                0x000025fc       0x58 ./src/tasks.o
 .text.prvDeleteTCB
                0x00002654       0x20 ./src/tasks.o
 .text.prvResetNextTaskUnblockTime
                0x00002674       0x40 ./src/tasks.o
 .text.xTaskGetCurrentTaskHandle
                0x000026b4       0x1c ./src/tasks.o
                0x000026b4                xTaskGetCurrentTaskHandle
 .text.xTaskGetSchedulerState
                0x000026d0       0x3c ./src/tasks.o
                0x000026d0                xTaskGetSchedulerState
 .text.xTaskPriorityDisinherit
                0x0000270c      0x164 ./src/tasks.o
                0x0000270c                xTaskPriorityDisinherit
 .text.prvAddCurrentTaskToDelayedList
                0x00002870       0xcc ./src/tasks.o
 .text.prvTraceGetQueueNumber
                0x0000293c       0x18 ./src/trcKernelPort.o
                0x0000293c                prvTraceGetQueueNumber
 .text.prvTraceGetQueueType
                0x00002954       0x18 ./src/trcKernelPort.o
                0x00002954                prvTraceGetQueueType
 .text.prvTraceGetTaskNumberLow16
                0x0000296c       0x1c ./src/trcKernelPort.o
                0x0000296c                prvTraceGetTaskNumberLow16
 .text.prvTraceGetTaskNumberHigh16
                0x00002988       0x1c ./src/trcKernelPort.o
                0x00002988                prvTraceGetTaskNumberHigh16
 .text.prvTraceSetTaskNumberLow16
                0x000029a4       0x2c ./src/trcKernelPort.o
                0x000029a4                prvTraceSetTaskNumberLow16
 .text.prvTraceSetTaskNumberHigh16
                0x000029d0       0x2c ./src/trcKernelPort.o
                0x000029d0                prvTraceSetTaskNumberHigh16
 .text.prvTraceGetQueueNumberLow16
                0x000029fc       0x1c ./src/trcKernelPort.o
                0x000029fc                prvTraceGetQueueNumberLow16
 .text.prvTraceGetQueueNumberHigh16
                0x00002a18       0x1c ./src/trcKernelPort.o
                0x00002a18                prvTraceGetQueueNumberHigh16
 .text.prvTraceSetQueueNumberLow16
                0x00002a34       0x2c ./src/trcKernelPort.o
                0x00002a34                prvTraceSetQueueNumberLow16
 .text.prvTraceSetQueueNumberHigh16
                0x00002a60       0x2c ./src/trcKernelPort.o
                0x00002a60                prvTraceSetQueueNumberHigh16
 .text.prvTraceGetCurrentTaskHandle
                0x00002a8c       0x10 ./src/trcKernelPort.o
                0x00002a8c                prvTraceGetCurrentTaskHandle
 .text.vTraceInitObjectPropertyTable
                0x00002a9c      0x19c ./src/trcKernelPort.o
                0x00002a9c                vTraceInitObjectPropertyTable
 .text.vTraceInitObjectHandleStack
                0x00002c38       0xe0 ./src/trcKernelPort.o
                0x00002c38                vTraceInitObjectHandleStack
 .text.pszTraceGetErrorNotEnoughHandles
                0x00002d18       0x94 ./src/trcKernelPort.o
                0x00002d18                pszTraceGetErrorNotEnoughHandles
 .text.vTraceEnable
                0x00002dac       0x44 ./src/trcSnapshotRecorder.o
                0x00002dac                vTraceEnable
 .text.uiTraceStart
                0x00002df0       0xd0 ./src/trcSnapshotRecorder.o
                0x00002df0                uiTraceStart
 .text.vTraceStart
                0x00002ec0        0xc ./src/trcSnapshotRecorder.o
                0x00002ec0                vTraceStart
 .text.vTraceStop
                0x00002ecc       0x30 ./src/trcSnapshotRecorder.o
                0x00002ecc                vTraceStop
 .text.prvTraceStoreKernelCall
                0x00002efc       0xe8 ./src/trcSnapshotRecorder.o
                0x00002efc                prvTraceStoreKernelCall
 .text.prvTraceStoreKernelCallWithParam
                0x00002fe4       0xf8 ./src/trcSnapshotRecorder.o
                0x00002fe4                prvTraceStoreKernelCallWithParam
 .text.prvTraceGetParam
                0x000030dc       0x78 ./src/trcSnapshotRecorder.o
 .text.prvTraceStoreKernelCallWithNumericParamOnly
                0x00003154       0xbc ./src/trcSnapshotRecorder.o
                0x00003154                prvTraceStoreKernelCallWithNumericParamOnly
 .text.prvTraceStoreTaskswitch
                0x00003210       0xd4 ./src/trcSnapshotRecorder.o
                0x00003210                prvTraceStoreTaskswitch
 .text.prvTraceSetPriorityProperty
                0x000032e4       0x78 ./src/trcSnapshotRecorder.o
                0x000032e4                prvTraceSetPriorityProperty
 .text.prvTraceGetPriorityProperty
                0x0000335c       0x7c ./src/trcSnapshotRecorder.o
                0x0000335c                prvTraceGetPriorityProperty
 .text.prvTraceSetObjectState
                0x000033d8       0x78 ./src/trcSnapshotRecorder.o
                0x000033d8                prvTraceSetObjectState
 .text.prvTraceGetObjectState
                0x00003450       0x78 ./src/trcSnapshotRecorder.o
 .text.prvTraceSetTaskInstanceFinished
                0x000034c8       0x54 ./src/trcSnapshotRecorder.o
                0x000034c8                prvTraceSetTaskInstanceFinished
 .text.prvTraceInitTraceData
                0x0000351c      0x248 ./src/trcSnapshotRecorder.o
 .text.prvTraceNextFreeEventBufferSlot
                0x00003764       0x48 ./src/trcSnapshotRecorder.o
 .text.uiIndexOfObject
                0x000037ac       0xb0 ./src/trcSnapshotRecorder.o
                0x000037ac                uiIndexOfObject
 .text.prvTraceGetObjectHandle
                0x0000385c      0x14c ./src/trcSnapshotRecorder.o
                0x0000385c                prvTraceGetObjectHandle
 .text.prvMarkObjectAsUsed
                0x000039a8       0x3c ./src/trcSnapshotRecorder.o
                0x000039a8                prvMarkObjectAsUsed
 .text.prvStrncpy
                0x000039e4       0x4c ./src/trcSnapshotRecorder.o
 .text.prvTraceSetObjectName
                0x00003a30       0xbc ./src/trcSnapshotRecorder.o
                0x00003a30                prvTraceSetObjectName
 .text.prvTraceError
                0x00003aec       0x60 ./src/trcSnapshotRecorder.o
                0x00003aec                prvTraceError
 .text.prvCheckDataToBeOverwrittenForMultiEntryEvents
                0x00003b4c      0x12c ./src/trcSnapshotRecorder.o
 .text.prvTraceUpdateCounters
                0x00003c78       0x50 ./src/trcSnapshotRecorder.o
 .text.prvTraceGetDTS
                0x00003cc8      0x1b0 ./src/trcSnapshotRecorder.o
 .text.prvTraceInitCortexM
                0x00003e78       0x6c ./src/trcSnapshotRecorder.o
                0x00003e78                prvTraceInitCortexM
 .text.prvTracePortGetTimeStamp
                0x00003ee4       0x94 ./src/trcSnapshotRecorder.o
                0x00003ee4                prvTracePortGetTimeStamp
 .text.memcpy   0x00003f78        0x4 /usr/local/lpcxpresso_8.2.2_650/lpcxpresso/tools/bin/../lib/gcc/arm-none-eabi/5.4.1/../../../../arm-none-eabi/lib/armv7-m/libcr_c.a(memcpy.o)
                0x00003f78                memcpy
 .text.memset   0x00003f7c        0x4 /usr/local/lpcxpresso_8.2.2_650/lpcxpresso/tools/bin/../lib/gcc/arm-none-eabi/5.4.1/../../../../arm-none-eabi/lib/armv7-m/libcr_c.a(memset.o)
                0x00003f7c                memset
 .text.__weak_main
                0x00003f80        0x4 /usr/local/lpcxpresso_8.2.2_650/lpcxpresso/tools/bin/../lib/gcc/arm-none-eabi/5.4.1/../../../../arm-none-eabi/lib/armv7-m/libcr_c.a(__weak__main.o)
                0x00003f80                __main
                0x00003f80                __weak_main
 .text.rand     0x00003f84       0x3c /usr/local/lpcxpresso_8.2.2_650/lpcxpresso/tools/bin/../lib/gcc/arm-none-eabi/5.4.1/../../../../arm-none-eabi/lib/armv7-m/libcr_c.a(stdlib.o)
                0x00003f84                rand
 .text.__aeabi_memcpy
                0x00003fc0       0x34 /usr/local/lpcxpresso_8.2.2_650/lpcxpresso/tools/bin/../lib/gcc/arm-none-eabi/5.4.1/armv7-m/libcr_eabihelpers.a(memcpy.o)
                0x00003fc0                __aeabi_memcpy
                0x00003fca                __aeabi_memcpy4
                0x00003fca                __aeabi_memcpy8
 .text.__aeabi_memset_lowlevel
                0x00003ff4       0x32 /usr/local/lpcxpresso_8.2.2_650/lpcxpresso/tools/bin/../lib/gcc/arm-none-eabi/5.4.1/armv7-m/libcr_eabihelpers.a(memcpy.o)
                0x00003ff4                __aeabi_lowlevel_memset
 *(.rodata .rodata.* .constdata .constdata.*)
 *fill*         0x00004026        0x2 ff
 .rodata        0x00004028       0xe7 ./src/main.o
 *fill*         0x0000410f        0x1 ff
 .rodata        0x00004110        0x5 ./src/tasks.o
 *fill*         0x00004115        0x3 ff
 .rodata        0x00004118      0x2fe ./src/trcKernelPort.o
 *fill*         0x00004416        0x2 ff
 .rodata        0x00004418     0x1110 ./src/trcSnapshotRecorder.o
                0x00005528                . = ALIGN (0x4)

.glue_7         0x00005528        0x0
 .glue_7        0x00005528        0x0 linker stubs

.glue_7t        0x00005528        0x0
 .glue_7t       0x00005528        0x0 linker stubs

.vfp11_veneer   0x00005528        0x0
 .vfp11_veneer  0x00005528        0x0 linker stubs

.v4_bx          0x00005528        0x0
 .v4_bx         0x00005528        0x0 linker stubs

.iplt           0x00005528        0x0
 .iplt          0x00005528        0x0 ./src/cr_startup_lpc175x_6x.o

.rel.dyn        0x00005528        0x0
 .rel.iplt      0x00005528        0x0 ./src/cr_startup_lpc175x_6x.o

.ARM.extab
 *(.ARM.extab* .gnu.linkonce.armextab.*)
                0x00005528                __exidx_start = .

.ARM.exidx
 *(.ARM.exidx* .gnu.linkonce.armexidx.*)
                0x00005528                __exidx_end = .
                0x00005528                _etext = .

.data_RAM2      0x2007c000        0x0 load address 0x00005528
 FILL mask 0xff
                [!provide]                PROVIDE (__start_data_RAM2, .)
 *(.ramfunc.$RAM2)
 *(.ramfunc.$RamAHB32)
 *(.data.$RAM2*)
 *(.data.$RamAHB32*)
                0x2007c000                . = ALIGN (0x4)
                [!provide]                PROVIDE (__end_data_RAM2, .)

.uninit_RESERVED
                0x10000000        0x0
 *(.bss.$RESERVED*)
                0x10000000                . = ALIGN (0x4)
                0x10000000                _end_uninit_RESERVED = .

.data           0x10000000       0xf8 load address 0x00005528
 FILL mask 0xff
                0x10000000                _data = .
 *(vtable)
 *(.ramfunc*)
 *(.data*)
 .data.xFreeBytesRemaining
                0x10000000        0x4 ./src/heap_2.o
 .data.uxCriticalNesting
                0x10000004        0x4 ./src/port.o
 .data.TraceQueueClassTable
                0x10000008        0x5 ./src/trcKernelPort.o
                0x10000008                TraceQueueClassTable
 *fill*         0x1000000d        0x1 ff
 .data.CurrentFilterMask
                0x1000000e        0x2 ./src/trcSnapshotRecorder.o
                0x1000000e                CurrentFilterMask
 .data.CurrentFilterGroup
                0x10000010        0x2 ./src/trcSnapshotRecorder.o
                0x10000010                CurrentFilterGroup
 *fill*         0x10000012        0x2 ff
 .data._random_number_seed
                0x10000014       0xdc /usr/local/lpcxpresso_8.2.2_650/lpcxpresso/tools/bin/../lib/gcc/arm-none-eabi/5.4.1/../../../../arm-none-eabi/lib/armv7-m/libcr_c.a(stdlib.o)
 .data._random_j
                0x100000f0        0x4 /usr/local/lpcxpresso_8.2.2_650/lpcxpresso/tools/bin/../lib/gcc/arm-none-eabi/5.4.1/../../../../arm-none-eabi/lib/armv7-m/libcr_c.a(stdlib.o)
 .data._random_k
                0x100000f4        0x4 /usr/local/lpcxpresso_8.2.2_650/lpcxpresso/tools/bin/../lib/gcc/arm-none-eabi/5.4.1/../../../../arm-none-eabi/lib/armv7-m/libcr_c.a(stdlib.o)
                0x100000f8                . = ALIGN (0x4)
                0x100000f8                _edata = .

.igot.plt       0x100000f8        0x0 load address 0x00005620
 .igot.plt      0x100000f8        0x0 ./src/cr_startup_lpc175x_6x.o

.bss_RAM2       0x2007c000        0x0
                [!provide]                PROVIDE (__start_bss_RAM2, .)
 *(.bss.$RAM2*)
 *(.bss.$RamAHB32*)
                0x2007c000                . = ALIGN ((. != 0x0)?0x4:0x1)
                [!provide]                PROVIDE (__end_bss_RAM2, .)

.bss            0x100000f8     0x7038
                0x100000f8                _bss = .
 *(.bss*)
 .bss.ucHeap    0x100000f8     0x2800 ./src/heap_2.o
 .bss.xStart    0x100028f8        0x8 ./src/heap_2.o
 .bss.xEnd      0x10002900        0x8 ./src/heap_2.o
 .bss.xHeapHasBeenInitialised.5637
                0x10002908        0x4 ./src/heap_2.o
 .bss.xQueue    0x1000290c        0x4 ./src/main.o
 .bss.ucMaxSysCallPriority
                0x10002910        0x1 ./src/port.o
 *fill*         0x10002911        0x3 
 .bss.ulMaxPRIGROUPValue
                0x10002914        0x4 ./src/port.o
 .bss.pxCurrentTCB
                0x10002918        0x4 ./src/tasks.o
                0x10002918                pxCurrentTCB
 .bss.pxReadyTasksLists
                0x1000291c       0x64 ./src/tasks.o
 .bss.xDelayedTaskList1
                0x10002980       0x14 ./src/tasks.o
 .bss.xDelayedTaskList2
                0x10002994       0x14 ./src/tasks.o
 .bss.pxDelayedTaskList
                0x100029a8        0x4 ./src/tasks.o
 .bss.pxOverflowDelayedTaskList
                0x100029ac        0x4 ./src/tasks.o
 .bss.xPendingReadyList
                0x100029b0       0x14 ./src/tasks.o
 .bss.xTasksWaitingTermination
                0x100029c4       0x14 ./src/tasks.o
 .bss.uxDeletedTasksWaitingCleanUp
                0x100029d8        0x4 ./src/tasks.o
 .bss.xSuspendedTaskList
                0x100029dc       0x14 ./src/tasks.o
 .bss.uxCurrentNumberOfTasks
                0x100029f0        0x4 ./src/tasks.o
 .bss.xTickCount
                0x100029f4        0x4 ./src/tasks.o
 .bss.uxTopReadyPriority
                0x100029f8        0x4 ./src/tasks.o
 .bss.xSchedulerRunning
                0x100029fc        0x4 ./src/tasks.o
 .bss.uxPendedTicks
                0x10002a00        0x4 ./src/tasks.o
 .bss.xYieldPending
                0x10002a04        0x4 ./src/tasks.o
 .bss.xNumOfOverflows
                0x10002a08        0x4 ./src/tasks.o
 .bss.uxTaskNumber
                0x10002a0c        0x4 ./src/tasks.o
 .bss.xNextTaskUnblockTime
                0x10002a10        0x4 ./src/tasks.o
 .bss.xIdleTaskHandle
                0x10002a14        0x4 ./src/tasks.o
 .bss.uxSchedulerSuspended
                0x10002a18        0x4 ./src/tasks.o
 .bss.isPendingContextSwitch
                0x10002a1c        0x4 ./src/trcSnapshotRecorder.o
                0x10002a1c                isPendingContextSwitch
 .bss.uiTraceTickCount
                0x10002a20        0x4 ./src/trcSnapshotRecorder.o
                0x10002a20                uiTraceTickCount
 .bss.trace_disable_timestamp
                0x10002a24        0x4 ./src/trcSnapshotRecorder.o
                0x10002a24                trace_disable_timestamp
 .bss.last_timestamp
                0x10002a28        0x4 ./src/trcSnapshotRecorder.o
 .bss.recorder_busy
                0x10002a2c        0x4 ./src/trcSnapshotRecorder.o
                0x10002a2c                recorder_busy
 .bss.timestampFrequency
                0x10002a30        0x4 ./src/trcSnapshotRecorder.o
                0x10002a30                timestampFrequency
 .bss.traceErrorMessage
                0x10002a34        0x4 ./src/trcSnapshotRecorder.o
                0x10002a34                traceErrorMessage
 .bss.handle_of_last_logged_task
                0x10002a38        0x1 ./src/trcSnapshotRecorder.o
                0x10002a38                handle_of_last_logged_task
 *fill*         0x10002a39        0x3 
 .bss.vTraceStopHookPtr
                0x10002a3c        0x4 ./src/trcSnapshotRecorder.o
                0x10002a3c                vTraceStopHookPtr
 .bss.objectHandleStacks
                0x10002a40      0x304 ./src/trcSnapshotRecorder.o
                0x10002a40                objectHandleStacks
 .bss.init_hwtc_count
                0x10002d44        0x4 ./src/trcSnapshotRecorder.o
                0x10002d44                init_hwtc_count
 .bss.RecorderData
                0x10002d48     0x43d0 ./src/trcSnapshotRecorder.o
                0x10002d48                RecorderData
 .bss.RecorderDataPtr
                0x10007118        0x4 ./src/trcSnapshotRecorder.o
                0x10007118                RecorderDataPtr
 .bss.indexOfHandle.5679
                0x1000711c        0x4 ./src/trcSnapshotRecorder.o
 .bss.idx.5706  0x10007120        0x2 ./src/trcSnapshotRecorder.o
 *fill*         0x10007122        0x2 
 .bss.old_timestamp.5742
                0x10007124        0x4 ./src/trcSnapshotRecorder.o
 .bss.last_hwtc_count.5780
                0x10007128        0x4 ./src/trcSnapshotRecorder.o
 .bss.last_hwtc_rest.5782
                0x1000712c        0x4 ./src/trcSnapshotRecorder.o
 *(COMMON)
                0x10007130                . = ALIGN (0x4)
                0x10007130                _ebss = .
                [!provide]                PROVIDE (end, .)

.noinit_RAM2    0x2007c000        0x0
 *(.noinit.$RAM2*)
 *(.noinit.$RamAHB32*)
                0x2007c000                . = ALIGN (0x4)

.noinit         0x10007130        0x0
                0x10007130                _noinit = .
 *(.noinit*)
                0x10007130                . = ALIGN (0x4)
                0x10007130                _end_noinit = .
                0x10007130                PROVIDE (_pvHeapStart, DEFINED (__user_heap_base)?__user_heap_base:.)
                0x10008000                PROVIDE (_vStackTop, DEFINED (__user_stack_top)?__user_stack_top:(__top_RamLoc32 - 0x0))
                0xefff74c6                PROVIDE (__valid_user_code_checksum, (0x0 - ((((((_vStackTop + (ResetISR + 0x1)) + (NMI_Handler + 0x1)) + (HardFault_Handler + 0x1)) + (DEFINED (MemManage_Handler)?MemManage_Handler:0x0 + 0x1)) + (DEFINED (BusFault_Handler)?BusFault_Handler:0x0 + 0x1)) + (DEFINED (UsageFault_Handler)?UsageFault_Handler:0x0 + 0x1))))
OUTPUT(TP4-SOII-2019.axf elf32-littlearm)

.debug_info     0x00000000     0x6b2f
 .debug_info    0x00000000      0x253 ./src/cr_startup_lpc175x_6x.o
 .debug_info    0x00000253       0x3f ./src/crp.o
 .debug_info    0x00000292      0x2d0 ./src/heap_2.o
 .debug_info    0x00000562      0x2bd ./src/list.o
 .debug_info    0x0000081f      0x79c ./src/main.o
 .debug_info    0x00000fbb      0x4ef ./src/port.o
 .debug_info    0x000014aa     0x156a ./src/queue.o
 .debug_info    0x00002a14     0x1e87 ./src/tasks.o
 .debug_info    0x0000489b      0x8a5 ./src/trcKernelPort.o
 .debug_info    0x00005140     0x19ef ./src/trcSnapshotRecorder.o

.debug_abbrev   0x00000000     0x104e
 .debug_abbrev  0x00000000       0xf5 ./src/cr_startup_lpc175x_6x.o
 .debug_abbrev  0x000000f5       0x36 ./src/crp.o
 .debug_abbrev  0x0000012b      0x15e ./src/heap_2.o
 .debug_abbrev  0x00000289       0xdb ./src/list.o
 .debug_abbrev  0x00000364      0x1be ./src/main.o
 .debug_abbrev  0x00000522      0x1f6 ./src/port.o
 .debug_abbrev  0x00000718      0x24c ./src/queue.o
 .debug_abbrev  0x00000964      0x2b0 ./src/tasks.o
 .debug_abbrev  0x00000c14      0x189 ./src/trcKernelPort.o
 .debug_abbrev  0x00000d9d      0x2b1 ./src/trcSnapshotRecorder.o

.debug_aranges  0x00000000      0x768
 .debug_aranges
                0x00000000       0x80 ./src/cr_startup_lpc175x_6x.o
 .debug_aranges
                0x00000080       0x18 ./src/crp.o
 .debug_aranges
                0x00000098       0x40 ./src/heap_2.o
 .debug_aranges
                0x000000d8       0x40 ./src/list.o
 .debug_aranges
                0x00000118       0x58 ./src/main.o
 .debug_aranges
                0x00000170       0x78 ./src/port.o
 .debug_aranges
                0x000001e8      0x108 ./src/queue.o
 .debug_aranges
                0x000002f0      0x1e0 ./src/tasks.o
 .debug_aranges
                0x000004d0       0xa8 ./src/trcKernelPort.o
 .debug_aranges
                0x00000578      0x1f0 ./src/trcSnapshotRecorder.o

.debug_ranges   0x00000000      0x6c0
 .debug_ranges  0x00000000       0x70 ./src/cr_startup_lpc175x_6x.o
 .debug_ranges  0x00000070       0x30 ./src/heap_2.o
 .debug_ranges  0x000000a0       0x30 ./src/list.o
 .debug_ranges  0x000000d0       0x48 ./src/main.o
 .debug_ranges  0x00000118       0x68 ./src/port.o
 .debug_ranges  0x00000180       0xf8 ./src/queue.o
 .debug_ranges  0x00000278      0x1d0 ./src/tasks.o
 .debug_ranges  0x00000448       0x98 ./src/trcKernelPort.o
 .debug_ranges  0x000004e0      0x1e0 ./src/trcSnapshotRecorder.o

.debug_macro    0x00000000     0x45a2
 .debug_macro   0x00000000       0x1d ./src/cr_startup_lpc175x_6x.o
 .debug_macro   0x0000001d      0x88c ./src/cr_startup_lpc175x_6x.o
 .debug_macro   0x000008a9       0x1a ./src/crp.o
 .debug_macro   0x000008c3       0x34 ./src/crp.o
 .debug_macro   0x000008f7      0x162 ./src/heap_2.o
 .debug_macro   0x00000a59       0x10 ./src/heap_2.o
 .debug_macro   0x00000a69      0x12d ./src/heap_2.o
 .debug_macro   0x00000b96       0x28 ./src/heap_2.o
 .debug_macro   0x00000bbe      0x5b2 ./src/heap_2.o
 .debug_macro   0x00001170       0x1c ./src/heap_2.o
 .debug_macro   0x0000118c      0x7d5 ./src/heap_2.o
 .debug_macro   0x00001961      0x2c7 ./src/heap_2.o
 .debug_macro   0x00001c28       0xe2 ./src/heap_2.o
 .debug_macro   0x00001d0a       0x1c ./src/heap_2.o
 .debug_macro   0x00001d26      0x13f ./src/heap_2.o
 .debug_macro   0x00001e65       0x6a ./src/heap_2.o
 .debug_macro   0x00001ecf       0xdd ./src/heap_2.o
 .debug_macro   0x00001fac       0x88 ./src/heap_2.o
 .debug_macro   0x00002034      0x97e ./src/heap_2.o
 .debug_macro   0x000029b2      0x1b9 ./src/heap_2.o
 .debug_macro   0x00002b6b      0x15a ./src/heap_2.o
 .debug_macro   0x00002cc5       0xe4 ./src/heap_2.o
 .debug_macro   0x00002da9       0x1c ./src/heap_2.o
 .debug_macro   0x00002dc5       0x26 ./src/heap_2.o
 .debug_macro   0x00002deb      0x37c ./src/heap_2.o
 .debug_macro   0x00003167       0xb5 ./src/heap_2.o
 .debug_macro   0x0000321c       0x8c ./src/heap_2.o
 .debug_macro   0x000032a8      0x135 ./src/list.o
 .debug_macro   0x000033dd      0x229 ./src/main.o
 .debug_macro   0x00003606       0x16 ./src/main.o
 .debug_macro   0x0000361c       0x80 ./src/main.o
 .debug_macro   0x0000369c       0x9a ./src/main.o
 .debug_macro   0x00003736       0x1c ./src/main.o
 .debug_macro   0x00003752      0x1d2 ./src/port.o
 .debug_macro   0x00003924      0x1a2 ./src/queue.o
 .debug_macro   0x00003ac6      0x20c ./src/tasks.o
 .debug_macro   0x00003cd2       0x91 ./src/tasks.o
 .debug_macro   0x00003d63       0x10 ./src/tasks.o
 .debug_macro   0x00003d73      0x143 ./src/trcKernelPort.o
 .debug_macro   0x00003eb6      0x13c ./src/trcSnapshotRecorder.o
 .debug_macro   0x00003ff2       0x16 ./src/trcSnapshotRecorder.o
 .debug_macro   0x00004008       0x10 ./src/trcSnapshotRecorder.o
 .debug_macro   0x00004018       0xe8 ./src/trcSnapshotRecorder.o
 .debug_macro   0x00004100      0x4a2 ./src/trcSnapshotRecorder.o

.debug_line     0x00000000     0x43f2
 .debug_line    0x00000000       0xd4 ./src/cr_startup_lpc175x_6x.o
 .debug_line    0x000000d4       0x7c ./src/crp.o
 .debug_line    0x00000150      0x41f ./src/heap_2.o
 .debug_line    0x0000056f      0x3dc ./src/list.o
 .debug_line    0x0000094b      0x49b ./src/main.o
 .debug_line    0x00000de6      0x54a ./src/port.o
 .debug_line    0x00001330      0xea5 ./src/queue.o
 .debug_line    0x000021d5     0x10c1 ./src/tasks.o
 .debug_line    0x00003296      0x4ef ./src/trcKernelPort.o
 .debug_line    0x00003785      0xc6d ./src/trcSnapshotRecorder.o

.debug_str      0x00000000    0x1a539
 .debug_str     0x00000000     0x266f ./src/cr_startup_lpc175x_6x.o
                               0x26ad (size before relaxing)
 .debug_str     0x0000266f       0xe9 ./src/crp.o
                               0x25c5 (size before relaxing)
 .debug_str     0x00002758    0x12c68 ./src/heap_2.o
                              0x15201 (size before relaxing)
 .debug_str     0x000153c0      0x125 ./src/list.o
                              0x149ea (size before relaxing)
 .debug_str     0x000154e5     0x10b9 ./src/main.o
                              0x15f53 (size before relaxing)
 .debug_str     0x0001659e      0x70c ./src/port.o
                              0x1556b (size before relaxing)
 .debug_str     0x00016caa      0x7ad ./src/queue.o
                              0x15f02 (size before relaxing)
 .debug_str     0x00017457     0x1b33 ./src/tasks.o
                              0x16ce6 (size before relaxing)
 .debug_str     0x00018f8a      0x674 ./src/trcKernelPort.o
                              0x15be8 (size before relaxing)
 .debug_str     0x000195fe      0xf3b ./src/trcSnapshotRecorder.o
                              0x15530 (size before relaxing)

.comment        0x00000000       0xdc
 .comment       0x00000000       0x6e ./src/cr_startup_lpc175x_6x.o
                                 0x6f (size before relaxing)
 .comment       0x0000006e       0x6f ./src/crp.o
 .comment       0x0000006e       0x6f ./src/heap_2.o
 .comment       0x0000006e       0x6f ./src/list.o
 .comment       0x0000006e       0x6f ./src/main.o
 .comment       0x0000006e       0x6f ./src/port.o
 .comment       0x0000006e       0x6f ./src/queue.o
 .comment       0x0000006e       0x6f ./src/tasks.o
 .comment       0x0000006e       0x6f ./src/trcKernelPort.o
 .comment       0x0000006e       0x6f ./src/trcSnapshotRecorder.o
 .comment       0x0000006e       0x6e /usr/local/lpcxpresso_8.2.2_650/lpcxpresso/tools/bin/../lib/gcc/arm-none-eabi/5.4.1/../../../../arm-none-eabi/lib/armv7-m/libcr_c.a(memcpy.o)
                                 0x6f (size before relaxing)
 .comment       0x000000dc       0x6f /usr/local/lpcxpresso_8.2.2_650/lpcxpresso/tools/bin/../lib/gcc/arm-none-eabi/5.4.1/../../../../arm-none-eabi/lib/armv7-m/libcr_c.a(memset.o)
 .comment       0x000000dc       0x6f /usr/local/lpcxpresso_8.2.2_650/lpcxpresso/tools/bin/../lib/gcc/arm-none-eabi/5.4.1/../../../../arm-none-eabi/lib/armv7-m/libcr_c.a(__weak__main.o)
 .comment       0x000000dc       0x6f /usr/local/lpcxpresso_8.2.2_650/lpcxpresso/tools/bin/../lib/gcc/arm-none-eabi/5.4.1/../../../../arm-none-eabi/lib/armv7-m/libcr_c.a(stdlib.o)

.ARM.attributes
                0x00000000       0x31
 .ARM.attributes
                0x00000000       0x33 ./src/cr_startup_lpc175x_6x.o
 .ARM.attributes
                0x00000033       0x33 ./src/crp.o
 .ARM.attributes
                0x00000066       0x33 ./src/heap_2.o
 .ARM.attributes
                0x00000099       0x33 ./src/list.o
 .ARM.attributes
                0x000000cc       0x33 ./src/main.o
 .ARM.attributes
                0x000000ff       0x33 ./src/port.o
 .ARM.attributes
                0x00000132       0x33 ./src/queue.o
 .ARM.attributes
                0x00000165       0x33 ./src/tasks.o
 .ARM.attributes
                0x00000198       0x33 ./src/trcKernelPort.o
 .ARM.attributes
                0x000001cb       0x33 ./src/trcSnapshotRecorder.o
 .ARM.attributes
                0x000001fe       0x33 /usr/local/lpcxpresso_8.2.2_650/lpcxpresso/tools/bin/../lib/gcc/arm-none-eabi/5.4.1/../../../../arm-none-eabi/lib/armv7-m/libcr_c.a(memcpy.o)
 .ARM.attributes
                0x00000231       0x33 /usr/local/lpcxpresso_8.2.2_650/lpcxpresso/tools/bin/../lib/gcc/arm-none-eabi/5.4.1/../../../../arm-none-eabi/lib/armv7-m/libcr_c.a(memset.o)
 .ARM.attributes
                0x00000264       0x33 /usr/local/lpcxpresso_8.2.2_650/lpcxpresso/tools/bin/../lib/gcc/arm-none-eabi/5.4.1/../../../../arm-none-eabi/lib/armv7-m/libcr_c.a(__weak__main.o)
 .ARM.attributes
                0x00000297       0x33 /usr/local/lpcxpresso_8.2.2_650/lpcxpresso/tools/bin/../lib/gcc/arm-none-eabi/5.4.1/../../../../arm-none-eabi/lib/armv7-m/libcr_c.a(stdlib.o)
 .ARM.attributes
                0x000002ca       0x21 /usr/local/lpcxpresso_8.2.2_650/lpcxpresso/tools/bin/../lib/gcc/arm-none-eabi/5.4.1/armv7-m/libcr_eabihelpers.a(memcpy.o)

.debug_frame    0x00000000     0x1d70
 .debug_frame   0x00000000      0x170 ./src/cr_startup_lpc175x_6x.o
 .debug_frame   0x00000170       0xc0 ./src/heap_2.o
 .debug_frame   0x00000230       0xd8 ./src/list.o
 .debug_frame   0x00000308      0x11c ./src/main.o
 .debug_frame   0x00000424      0x198 ./src/port.o
 .debug_frame   0x000005bc      0x49c ./src/queue.o
 .debug_frame   0x00000a58      0x83c ./src/tasks.o
 .debug_frame   0x00001294      0x284 ./src/trcKernelPort.o
 .debug_frame   0x00001518      0x858 ./src/trcSnapshotRecorder.o
